Archive member included to satisfy reference by file (symbol)

c:/program files (x86)/atollic/truestudio for stm32 9.3.0/armtools/bin/../lib/gcc/arm-atollic-eabi/6.3.1/../../../../arm-atollic-eabi/lib/armv7e-m/fpu/fpv5-sp-d16\libc.a(lib_a-init.o)
                              src\startup_stm32f767xx.o (__libc_init_array)
c:/program files (x86)/atollic/truestudio for stm32 9.3.0/armtools/bin/../lib/gcc/arm-atollic-eabi/6.3.1/armv7e-m/fpu/fpv5-sp-d16\libgcc.a(_arm_addsubdf3.o)
                              PID\pid.o (__aeabi_dsub)
c:/program files (x86)/atollic/truestudio for stm32 9.3.0/armtools/bin/../lib/gcc/arm-atollic-eabi/6.3.1/armv7e-m/fpu/fpv5-sp-d16\libgcc.a(_arm_muldivdf3.o)
                              PID\pid.o (__aeabi_dmul)
c:/program files (x86)/atollic/truestudio for stm32 9.3.0/armtools/bin/../lib/gcc/arm-atollic-eabi/6.3.1/armv7e-m/fpu/fpv5-sp-d16\libgcc.a(_arm_cmpdf2.o)
                              PID\pid.o (__aeabi_dcmplt)
c:/program files (x86)/atollic/truestudio for stm32 9.3.0/armtools/bin/../lib/gcc/arm-atollic-eabi/6.3.1/armv7e-m/fpu/fpv5-sp-d16\libgcc.a(_aeabi_uldivmod.o)
                              Drivers\STM32F7xx_HAL_Driver\Src\stm32f7xx_hal_rcc.o (__aeabi_uldivmod)
c:/program files (x86)/atollic/truestudio for stm32 9.3.0/armtools/bin/../lib/gcc/arm-atollic-eabi/6.3.1/armv7e-m/fpu/fpv5-sp-d16\libgcc.a(_udivmoddi4.o)
                              c:/program files (x86)/atollic/truestudio for stm32 9.3.0/armtools/bin/../lib/gcc/arm-atollic-eabi/6.3.1/armv7e-m/fpu/fpv5-sp-d16\libgcc.a(_aeabi_uldivmod.o) (__udivmoddi4)
c:/program files (x86)/atollic/truestudio for stm32 9.3.0/armtools/bin/../lib/gcc/arm-atollic-eabi/6.3.1/armv7e-m/fpu/fpv5-sp-d16\libgcc.a(_dvmd_tls.o)
                              c:/program files (x86)/atollic/truestudio for stm32 9.3.0/armtools/bin/../lib/gcc/arm-atollic-eabi/6.3.1/armv7e-m/fpu/fpv5-sp-d16\libgcc.a(_aeabi_uldivmod.o) (__aeabi_ldiv0)

Allocating common symbols
Common symbol       size              file

output              0x4               src\main.o
setpoint            0x4               src\main.o
input               0x4               src\main.o
uwTick              0x4               Drivers\STM32F7xx_HAL_Driver\Src\stm32f7xx_hal.o
pFlash              0x1c              Drivers\STM32F7xx_HAL_Driver\Src\stm32f7xx_hal_flash.o
TIM2_Handler        0x40              ENCODER\encoder.o
TIM1_Handler        0x40              PWM\pwm.o
result              0x4               src\main.o
TIM5_Handler        0x40              ENCODER\encoder.o
TIM7_Handler        0x40              TIMER\timer.o
start               0x4               src\main.o
stop                0x4               src\main.o

Discarded input sections

 .text          0x00000000        0x0 c:/program files (x86)/atollic/truestudio for stm32 9.3.0/armtools/bin/../lib/gcc/arm-atollic-eabi/6.3.1/armv7e-m/fpu/fpv5-sp-d16/crti.o
 .data          0x00000000        0x0 c:/program files (x86)/atollic/truestudio for stm32 9.3.0/armtools/bin/../lib/gcc/arm-atollic-eabi/6.3.1/armv7e-m/fpu/fpv5-sp-d16/crti.o
 .bss           0x00000000        0x0 c:/program files (x86)/atollic/truestudio for stm32 9.3.0/armtools/bin/../lib/gcc/arm-atollic-eabi/6.3.1/armv7e-m/fpu/fpv5-sp-d16/crti.o
 .data          0x00000000        0x4 c:/program files (x86)/atollic/truestudio for stm32 9.3.0/armtools/bin/../lib/gcc/arm-atollic-eabi/6.3.1/armv7e-m/fpu/fpv5-sp-d16/crtbegin.o
 .text          0x00000000        0x0 Drivers\STM32F7xx_HAL_Driver\Src\Legacy\stm32f7xx_hal_can.o
 .data          0x00000000        0x0 Drivers\STM32F7xx_HAL_Driver\Src\Legacy\stm32f7xx_hal_can.o
 .bss           0x00000000        0x0 Drivers\STM32F7xx_HAL_Driver\Src\Legacy\stm32f7xx_hal_can.o
 .debug_info    0x00000000      0x16b Drivers\STM32F7xx_HAL_Driver\Src\Legacy\stm32f7xx_hal_can.o
 .debug_abbrev  0x00000000       0x8d Drivers\STM32F7xx_HAL_Driver\Src\Legacy\stm32f7xx_hal_can.o
 .debug_aranges
                0x00000000       0x18 Drivers\STM32F7xx_HAL_Driver\Src\Legacy\stm32f7xx_hal_can.o
 .debug_line    0x00000000      0x1a3 Drivers\STM32F7xx_HAL_Driver\Src\Legacy\stm32f7xx_hal_can.o
 .debug_str     0x00000000      0x2cc Drivers\STM32F7xx_HAL_Driver\Src\Legacy\stm32f7xx_hal_can.o
 .comment       0x00000000       0x7d Drivers\STM32F7xx_HAL_Driver\Src\Legacy\stm32f7xx_hal_can.o
 .ARM.attributes
                0x00000000       0x39 Drivers\STM32F7xx_HAL_Driver\Src\Legacy\stm32f7xx_hal_can.o
 .text          0x00000000        0x0 Drivers\STM32F7xx_HAL_Driver\Src\stm32f7xx_hal.o
 .data          0x00000000        0x0 Drivers\STM32F7xx_HAL_Driver\Src\stm32f7xx_hal.o
 .bss           0x00000000        0x0 Drivers\STM32F7xx_HAL_Driver\Src\stm32f7xx_hal.o
 .text.HAL_DeInit
                0x00000000       0x58 Drivers\STM32F7xx_HAL_Driver\Src\stm32f7xx_hal.o
 .text.HAL_MspDeInit
                0x00000000        0xe Drivers\STM32F7xx_HAL_Driver\Src\stm32f7xx_hal.o
 .text.HAL_IncTick
[...]
Memory Configuration

Name             Origin             Length             Attributes
FLASH            0x08000000         0x00200000         xr
DTCMRAM          0x20000000         0x00020000         xrw
SRAM1            0x20020000         0x0005c000         xrw
SRAM2            0x2007c000         0x00004000         xrw
MEMORY_B1        0x60000000         0x00000000         xr
*default*        0x00000000         0xffffffff

Linker script and memory map

LOAD c:/program files (x86)/atollic/truestudio for stm32 9.3.0/armtools/bin/../lib/gcc/arm-atollic-eabi/6.3.1/armv7e-m/fpu/fpv5-sp-d16/crti.o
LOAD c:/program files (x86)/atollic/truestudio for stm32 9.3.0/armtools/bin/../lib/gcc/arm-atollic-eabi/6.3.1/armv7e-m/fpu/fpv5-sp-d16/crtbegin.o
LOAD Drivers\STM32F7xx_HAL_Driver\Src\Legacy\stm32f7xx_hal_can.o
LOAD Drivers\STM32F7xx_HAL_Driver\Src\stm32f7xx_hal.o
LOAD Drivers\STM32F7xx_HAL_Driver\Src\stm32f7xx_hal_adc.o
LOAD Drivers\STM32F7xx_HAL_Driver\Src\stm32f7xx_hal_adc_ex.o
LOAD Drivers\STM32F7xx_HAL_Driver\Src\stm32f7xx_hal_can.o
LOAD Drivers\STM32F7xx_HAL_Driver\Src\stm32f7xx_hal_cec.o
LOAD Drivers\STM32F7xx_HAL_Driver\Src\stm32f7xx_hal_cortex.o
LOAD Drivers\STM32F7xx_HAL_Driver\Src\stm32f7xx_hal_crc.o
LOAD Drivers\STM32F7xx_HAL_Driver\Src\stm32f7xx_hal_crc_ex.o
LOAD Drivers\STM32F7xx_HAL_Driver\Src\stm32f7xx_hal_cryp.o
LOAD Drivers\STM32F7xx_HAL_Driver\Src\stm32f7xx_hal_cryp_ex.o
LOAD Drivers\STM32F7xx_HAL_Driver\Src\stm32f7xx_hal_dac.o
LOAD Drivers\STM32F7xx_HAL_Driver\Src\stm32f7xx_hal_dac_ex.o
LOAD Drivers\STM32F7xx_HAL_Driver\Src\stm32f7xx_hal_dcmi.o
LOAD Drivers\STM32F7xx_HAL_Driver\Src\stm32f7xx_hal_dcmi_ex.o
LOAD Drivers\STM32F7xx_HAL_Driver\Src\stm32f7xx_hal_dfsdm.o
LOAD Drivers\STM32F7xx_HAL_Driver\Src\stm32f7xx_hal_dma.o
LOAD Drivers\STM32F7xx_HAL_Driver\Src\stm32f7xx_hal_dma2d.o
LOAD Drivers\STM32F7xx_HAL_Driver\Src\stm32f7xx_hal_dma_ex.o
LOAD Drivers\STM32F7xx_HAL_Driver\Src\stm32f7xx_hal_dsi.o
LOAD Drivers\STM32F7xx_HAL_Driver\Src\stm32f7xx_hal_eth.o
LOAD Drivers\STM32F7xx_HAL_Driver\Src\stm32f7xx_hal_exti.o
LOAD Drivers\STM32F7xx_HAL_Driver\Src\stm32f7xx_hal_flash.o
LOAD Drivers\STM32F7xx_HAL_Driver\Src\stm32f7xx_hal_flash_ex.o
LOAD Drivers\STM32F7xx_HAL_Driver\Src\stm32f7xx_hal_gpio.o
LOAD Drivers\STM32F7xx_HAL_Driver\Src\stm32f7xx_hal_hash.o
LOAD Drivers\STM32F7xx_HAL_Driver\Src\stm32f7xx_hal_hash_ex.o
LOAD Drivers\STM32F7xx_HAL_Driver\Src\stm32f7xx_hal_hcd.o
LOAD Drivers\STM32F7xx_HAL_Driver\Src\stm32f7xx_hal_i2c.o
LOAD Drivers\STM32F7xx_HAL_Driver\Src\stm32f7xx_hal_i2c_ex.o
LOAD Drivers\STM32F7xx_HAL_Driver\Src\stm32f7xx_hal_i2s.o
LOAD Drivers\STM32F7xx_HAL_Driver\Src\stm32f7xx_hal_irda.o
LOAD Drivers\STM32F7xx_HAL_Driver\Src\stm32f7xx_hal_iwdg.o
LOAD Drivers\STM32F7xx_HAL_Driver\Src\stm32f7xx_hal_jpeg.o
LOAD Drivers\STM32F7xx_HAL_Driver\Src\stm32f7xx_hal_lptim.o
LOAD Drivers\STM32F7xx_HAL_Driver\Src\stm32f7xx_hal_ltdc.o
LOAD Drivers\STM32F7xx_HAL_Driver\Src\stm32f7xx_hal_ltdc_ex.o
LOAD Drivers\STM32F7xx_HAL_Driver\Src\stm32f7xx_hal_mdios.o
LOAD Drivers\STM32F7xx_HAL_Driver\Src\stm32f7xx_hal_mmc.o
LOAD Drivers\STM32F7xx_HAL_Driver\Src\stm32f7xx_hal_nand.o
LOAD Drivers\STM32F7xx_HAL_Driver\Src\stm32f7xx_hal_nor.o
LOAD Drivers\STM32F7xx_HAL_Driver\Src\stm32f7xx_hal_pcd.o
LOAD Drivers\STM32F7xx_HAL_Driver\Src\stm32f7xx_hal_pcd_ex.o
LOAD Drivers\STM32F7xx_HAL_Driver\Src\stm32f7xx_hal_pwr.o
LOAD Drivers\STM32F7xx_HAL_Driver\Src\stm32f7xx_hal_pwr_ex.o
LOAD Drivers\STM32F7xx_HAL_Driver\Src\stm32f7xx_hal_qspi.o
LOAD Drivers\STM32F7xx_HAL_Driver\Src\stm32f7xx_hal_rcc.o
LOAD Drivers\STM32F7xx_HAL_Driver\Src\stm32f7xx_hal_rcc_ex.o
LOAD Drivers\STM32F7xx_HAL_Driver\Src\stm32f7xx_hal_rng.o
LOAD Drivers\STM32F7xx_HAL_Driver\Src\stm32f7xx_hal_rtc.o
LOAD Drivers\STM32F7xx_HAL_Driver\Src\stm32f7xx_hal_rtc_ex.o
LOAD Drivers\STM32F7xx_HAL_Driver\Src\stm32f7xx_hal_sai.o
LOAD Drivers\STM32F7xx_HAL_Driver\Src\stm32f7xx_hal_sai_ex.o
LOAD Drivers\STM32F7xx_HAL_Driver\Src\stm32f7xx_hal_sd.o
LOAD Drivers\STM32F7xx_HAL_Driver\Src\stm32f7xx_hal_sdram.o
LOAD Drivers\STM32F7xx_HAL_Driver\Src\stm32f7xx_hal_smartcard.o
LOAD Drivers\STM32F7xx_HAL_Driver\Src\stm32f7xx_hal_smartcard_ex.o
LOAD Drivers\STM32F7xx_HAL_Driver\Src\stm32f7xx_hal_smbus.o
LOAD Drivers\STM32F7xx_HAL_Driver\Src\stm32f7xx_hal_spdifrx.o
LOAD Drivers\STM32F7xx_HAL_Driver\Src\stm32f7xx_hal_spi.o
LOAD Drivers\STM32F7xx_HAL_Driver\Src\stm32f7xx_hal_spi_ex.o
LOAD Drivers\STM32F7xx_HAL_Driver\Src\stm32f7xx_hal_sram.o
LOAD Drivers\STM32F7xx_HAL_Driver\Src\stm32f7xx_hal_tim.o
LOAD Drivers\STM32F7xx_HAL_Driver\Src\stm32f7xx_hal_tim_ex.o
LOAD Drivers\STM32F7xx_HAL_Driver\Src\stm32f7xx_hal_uart.o
LOAD Drivers\STM32F7xx_HAL_Driver\Src\stm32f7xx_hal_uart_ex.o
LOAD Drivers\STM32F7xx_HAL_Driver\Src\stm32f7xx_hal_usart.o
LOAD Drivers\STM32F7xx_HAL_Driver\Src\stm32f7xx_hal_wwdg.o
LOAD ENCODER\encoder.o
LOAD PID\PID_C3.o
LOAD PID\pid.o
LOAD PWM\pwm.o
LOAD TIMER\timer.o
LOAD src\main.o
LOAD src\startup_stm32f767xx.o
LOAD src\stm32f7xx_it.o
LOAD src\system_stm32f7xx.o
                0x00000080                malloc_getpagesize_P = 0x80
START GROUP
LOAD c:/program files (x86)/atollic/truestudio for stm32 9.3.0/armtools/bin/../lib/gcc/arm-atollic-eabi/6.3.1/../../../../arm-atollic-eabi/lib/armv7e-m/fpu/fpv5-sp-d16\libc.a
LOAD c:/program files (x86)/atollic/truestudio for stm32 9.3.0/armtools/bin/../lib/gcc/arm-atollic-eabi/6.3.1/../../../../arm-atollic-eabi/lib/armv7e-m/fpu/fpv5-sp-d16\libm.a
END GROUP
START GROUP
LOAD c:/program files (x86)/atollic/truestudio for stm32 9.3.0/armtools/bin/../lib/gcc/arm-atollic-eabi/6.3.1/armv7e-m/fpu/fpv5-sp-d16\libgcc.a
LOAD c:/program files (x86)/atollic/truestudio for stm32 9.3.0/armtools/bin/../lib/gcc/arm-atollic-eabi/6.3.1/../../../../arm-atollic-eabi/lib/armv7e-m/fpu/fpv5-sp-d16\libc.a
END GROUP
START GROUP
LOAD c:/program files (x86)/atollic/truestudio for stm32 9.3.0/armtools/bin/../lib/gcc/arm-atollic-eabi/6.3.1/armv7e-m/fpu/fpv5-sp-d16\libgcc.a
LOAD c:/program files (x86)/atollic/truestudio for stm32 9.3.0/armtools/bin/../lib/gcc/arm-atollic-eabi/6.3.1/../../../../arm-atollic-eabi/lib/armv7e-m/fpu/fpv5-sp-d16\libc.a
LOAD c:/program files (x86)/atollic/truestudio for stm32 9.3.0/armtools/bin/../lib/gcc/arm-atollic-eabi/6.3.1/../../../../arm-atollic-eabi/lib/armv7e-m/fpu/fpv5-sp-d16\libnosys.a
END GROUP
LOAD c:/program files (x86)/atollic/truestudio for stm32 9.3.0/armtools/bin/../lib/gcc/arm-atollic-eabi/6.3.1/armv7e-m/fpu/fpv5-sp-d16/crtend.o
LOAD c:/program files (x86)/atollic/truestudio for stm32 9.3.0/armtools/bin/../lib/gcc/arm-atollic-eabi/6.3.1/armv7e-m/fpu/fpv5-sp-d16/crtn.o
                0x20080000                _estack = 0x20080000
                0x00000000                _Min_Heap_Size = 0x0
                0x00000400                _Min_Stack_Size = 0x400

.isr_vector     0x08000000      0x1f8
                0x08000000                . = ALIGN (0x4)
 *(.isr_vector)
 .isr_vector    0x08000000      0x1f8 src\startup_stm32f767xx.o
                0x08000000                g_pfnVectors
                0x080001f8                . = ALIGN (0x4)

.text           0x080001f8     0x2798
                0x080001f8                . = ALIGN (0x4)
 *(.text)
 .text          0x080001f8       0x40 c:/program files (x86)/atollic/truestudio for stm32 9.3.0/armtools/bin/../lib/gcc/arm-atollic-eabi/6.3.1/armv7e-m/fpu/fpv5-sp-d16/crtbegin.o
 .text          0x08000238       0x30 c:/program files (x86)/atollic/truestudio for stm32 9.3.0/armtools/bin/../lib/gcc/arm-atollic-eabi/6.3.1/armv7e-m/fpu/fpv5-sp-d16\libgcc.a(_aeabi_uldivmod.o)
                0x08000238                __aeabi_uldivmod
 .text          0x08000268      0x2dc c:/program files (x86)/atollic/truestudio for stm32 9.3.0/armtools/bin/../lib/gcc/arm-atollic-eabi/6.3.1/armv7e-m/fpu/fpv5-sp-d16\libgcc.a(_udivmoddi4.o)
                0x08000268                __udivmoddi4
 .text          0x08000544        0x4 c:/program files (x86)/atollic/truestudio for stm32 9.3.0/armtools/bin/../lib/gcc/arm-atollic-eabi/6.3.1/armv7e-m/fpu/fpv5-sp-d16\libgcc.a(_dvmd_tls.o)
                0x08000544                __aeabi_idiv0
                0x08000544                __aeabi_ldiv0
 *(.text*)
 .text.HAL_Init
                0x08000548       0x38 Drivers\STM32F7xx_HAL_Driver\Src\stm32f7xx_hal.o
                0x08000548                HAL_Init
 .text.HAL_MspInit
                0x08000580        0xe Drivers\STM32F7xx_HAL_Driver\Src\stm32f7xx_hal.o
                0x08000580                HAL_MspInit
 *fill*         0x0800058e        0x2 
 .text.HAL_InitTick
                0x08000590       0x60 Drivers\STM32F7xx_HAL_Driver\Src\stm32f7xx_hal.o
                0x08000590                HAL_InitTick
 .text.HAL_GetTick
                0x080005f0       0x18 Drivers\STM32F7xx_HAL_Driver\Src\stm32f7xx_hal.o
                0x080005f0                HAL_GetTick
 .text.NVIC_SetPriorityGrouping
                0x08000608       0x48 Drivers\STM32F7xx_HAL_Driver\Src\stm32f7xx_hal_cortex.o
 .text.NVIC_GetPriorityGrouping
                0x08000650       0x1c Drivers\STM32F7xx_HAL_Driver\Src\stm32f7xx_hal_cortex.o
 .text.NVIC_EnableIRQ
                0x0800066c       0x34 Drivers\STM32F7xx_HAL_Driver\Src\stm32f7xx_hal_cortex.o
 .text.NVIC_SetPriority
                0x080006a0       0x54 Drivers\STM32F7xx_HAL_Driver\Src\stm32f7xx_hal_cortex.o
 .text.NVIC_EncodePriority
                0x080006f4       0x62 Drivers\STM32F7xx_HAL_Driver\Src\stm32f7xx_hal_cortex.o
 *fill*         0x08000756        0x2 
 .text.SysTick_Config
                0x08000758       0x44 Drivers\STM32F7xx_HAL_Driver\Src\stm32f7xx_hal_cortex.o
 .text.HAL_NVIC_SetPriorityGrouping
                0x0800079c       0x16 Drivers\STM32F7xx_HAL_Driver\Src\stm32f7xx_hal_cortex.o
                0x0800079c                HAL_NVIC_SetPriorityGrouping
 .text.HAL_NVIC_SetPriority
                0x080007b2       0x38 Drivers\STM32F7xx_HAL_Driver\Src\stm32f7xx_hal_cortex.o
                0x080007b2                HAL_NVIC_SetPriority
 .text.HAL_NVIC_EnableIRQ
                0x080007ea       0x1c Drivers\STM32F7xx_HAL_Driver\Src\stm32f7xx_hal_cortex.o
                0x080007ea                HAL_NVIC_EnableIRQ
 .text.HAL_SYSTICK_Config
                0x08000806       0x18 Drivers\STM32F7xx_HAL_Driver\Src\stm32f7xx_hal_cortex.o
                0x08000806                HAL_SYSTICK_Config
 *fill*         0x0800081e        0x2 
 .text.HAL_GPIO_Init
                0x08000820      0x354 Drivers\STM32F7xx_HAL_Driver\Src\stm32f7xx_hal_gpio.o
                0x08000820                HAL_GPIO_Init
 .text.HAL_PWREx_EnableOverDrive
                0x08000b74       0xa0 Drivers\STM32F7xx_HAL_Driver\Src\stm32f7xx_hal_pwr_ex.o
                0x08000b74                HAL_PWREx_EnableOverDrive
 .text.HAL_RCC_OscConfig
                0x08000c14      0x4e4 Drivers\STM32F7xx_HAL_Driver\Src\stm32f7xx_hal_rcc.o
                0x08000c14                HAL_RCC_OscConfig
 .text.HAL_RCC_ClockConfig
                0x080010f8      0x1d0 Drivers\STM32F7xx_HAL_Driver\Src\stm32f7xx_hal_rcc.o
                0x080010f8                HAL_RCC_ClockConfig
 .text.HAL_RCC_GetSysClockFreq
                0x080012c8      0x1b0 Drivers\STM32F7xx_HAL_Driver\Src\stm32f7xx_hal_rcc.o
                0x080012c8                HAL_RCC_GetSysClockFreq
 .text.HAL_TIM_Base_Init
                0x08001478       0x56 Drivers\STM32F7xx_HAL_Driver\Src\stm32f7xx_hal_tim.o
                0x08001478                HAL_TIM_Base_Init
 .text.HAL_TIM_Base_MspInit
                0x080014ce       0x14 Drivers\STM32F7xx_HAL_Driver\Src\stm32f7xx_hal_tim.o
                0x080014ce                HAL_TIM_Base_MspInit
 *fill*         0x080014e2        0x2 
 .text.HAL_TIM_Base_Start_IT
                0x080014e4       0x54 Drivers\STM32F7xx_HAL_Driver\Src\stm32f7xx_hal_tim.o
                0x080014e4                HAL_TIM_Base_Start_IT
 .text.HAL_TIM_PWM_Start
                0x08001538       0x88 Drivers\STM32F7xx_HAL_Driver\Src\stm32f7xx_hal_tim.o
                0x08001538                HAL_TIM_PWM_Start
 .text.HAL_TIM_Encoder_Init
                0x080015c0      0x124 Drivers\STM32F7xx_HAL_Driver\Src\stm32f7xx_hal_tim.o
                0x080015c0                HAL_TIM_Encoder_Init
 .text.HAL_TIM_Encoder_MspInit
                0x080016e4       0x14 Drivers\STM32F7xx_HAL_Driver\Src\stm32f7xx_hal_tim.o
                0x080016e4                HAL_TIM_Encoder_MspInit
 .text.HAL_TIM_Encoder_Start
                0x080016f8       0x6e Drivers\STM32F7xx_HAL_Driver\Src\stm32f7xx_hal_tim.o
                0x080016f8                HAL_TIM_Encoder_Start
 *fill*         0x08001766        0x2 
 .text.HAL_TIM_PWM_ConfigChannel
                0x08001768      0x230 Drivers\STM32F7xx_HAL_Driver\Src\stm32f7xx_hal_tim.o
                0x08001768                HAL_TIM_PWM_ConfigChannel
 .text.TIM_Base_SetConfig
                0x08001998      0x140 Drivers\STM32F7xx_HAL_Driver\Src\stm32f7xx_hal_tim.o
                0x08001998                TIM_Base_SetConfig
 .text.TIM_OC1_SetConfig
                0x08001ad8       0xe4 Drivers\STM32F7xx_HAL_Driver\Src\stm32f7xx_hal_tim.o
 .text.TIM_OC2_SetConfig
                0x08001bbc       0xf0 Drivers\STM32F7xx_HAL_Driver\Src\stm32f7xx_hal_tim.o
                0x08001bbc                TIM_OC2_SetConfig
 .text.TIM_OC3_SetConfig
                0x08001cac       0xec Drivers\STM32F7xx_HAL_Driver\Src\stm32f7xx_hal_tim.o
 .text.TIM_OC4_SetConfig
                0x08001d98       0xb0 Drivers\STM32F7xx_HAL_Driver\Src\stm32f7xx_hal_tim.o
 .text.TIM_OC5_SetConfig
                0x08001e48       0xa4 Drivers\STM32F7xx_HAL_Driver\Src\stm32f7xx_hal_tim.o
 .text.TIM_OC6_SetConfig
                0x08001eec       0xa8 Drivers\STM32F7xx_HAL_Driver\Src\stm32f7xx_hal_tim.o
 .text.TIM_CCxChannelCmd
                0x08001f94       0x4a Drivers\STM32F7xx_HAL_Driver\Src\stm32f7xx_hal_tim.o
                0x08001f94                TIM_CCxChannelCmd
 *fill*         0x08001fde        0x2 
 .text.ENCODER2_Init
                0x08001fe0      0x124 ENCODER\encoder.o
                0x08001fe0                ENCODER2_Init
 .text.ENCODER5_Init
                0x08002104       0xe8 ENCODER\encoder.o
                0x08002104                ENCODER5_Init
 .text.PWM1_Init
                0x080021ec      0x128 PWM\pwm.o
                0x080021ec                PWM1_Init
 .text.PWM_Control
                0x08002314       0x44 PWM\pwm.o
                0x08002314                PWM_Control
 .text.TIMER7_Init
                0x08002358       0x8c TIMER\timer.o
                0x08002358                TIMER7_Init
 .text.SCB_EnableICache
                0x080023e4       0x38 src\main.o
 .text.SCB_EnableDCache
                0x0800241c       0x80 src\main.o
 .text.DCL_runPID_C3
                0x0800249c      0x14c src\main.o
 .text.main     0x080025e8       0x90 src\main.o
                0x080025e8                main
 .text.TIM7_IRQHandler
                0x08002678       0x1c src\main.o
                0x08002678                TIM7_IRQHandler
 .text.PID_POSITION
                0x08002694       0x84 src\main.o
 .text.LED_Init
                0x08002718       0x48 src\main.o
                0x08002718                LED_Init
 .text.SystemClock_Config
                0x08002760       0xa4 src\main.o
 .text.Reset_Handler
                0x08002804       0x50 src\startup_stm32f767xx.o
                0x08002804                Reset_Handler
 .text.Default_Handler
                0x08002854        0x2 src\startup_stm32f767xx.o
                0x08002854                RTC_Alarm_IRQHandler
                0x08002854                EXTI2_IRQHandler
                0x08002854                TIM8_CC_IRQHandler
                0x08002854                UART8_IRQHandler
                0x08002854                SPI4_IRQHandler
                0x08002854                TIM1_CC_IRQHandler
                0x08002854                DMA2_Stream5_IRQHandler
                0x08002854                JPEG_IRQHandler
                0x08002854                DMA1_Stream5_IRQHandler
                0x08002854                CAN3_RX1_IRQHandler
                0x08002854                PVD_IRQHandler
                0x08002854                TAMP_STAMP_IRQHandler
                0x08002854                CAN2_RX1_IRQHandler
                0x08002854                EXTI3_IRQHandler
                0x08002854                TIM8_TRG_COM_TIM14_IRQHandler
                0x08002854                DFSDM1_FLT1_IRQHandler
                0x08002854                TIM1_UP_TIM10_IRQHandler
                0x08002854                TIM8_UP_TIM13_IRQHandler
                0x08002854                I2C3_ER_IRQHandler
                0x08002854                DFSDM1_FLT2_IRQHandler
                0x08002854                EXTI0_IRQHandler
                0x08002854                I2C2_EV_IRQHandler
                0x08002854                DMA1_Stream2_IRQHandler
                0x08002854                CAN1_RX0_IRQHandler
                0x08002854                FPU_IRQHandler
                0x08002854                OTG_HS_WKUP_IRQHandler
                0x08002854                CAN3_SCE_IRQHandler
                0x08002854                LTDC_ER_IRQHandler
                0x08002854                CAN2_SCE_IRQHandler
                0x08002854                DMA2_Stream2_IRQHandler
                0x08002854                SPI1_IRQHandler
                0x08002854                TIM6_DAC_IRQHandler
                0x08002854                TIM1_BRK_TIM9_IRQHandler
                0x08002854                DCMI_IRQHandler
                0x08002854                CAN2_RX0_IRQHandler
                0x08002854                DMA2_Stream3_IRQHandler
                0x08002854                SAI2_IRQHandler
                0x08002854                DFSDM1_FLT3_IRQHandler
                0x08002854                USART6_IRQHandler
                0x08002854                CAN3_RX0_IRQHandler
                0x08002854                USART3_IRQHandler
                0x08002854                CAN1_RX1_IRQHandler
                0x08002854                UART5_IRQHandler
                0x08002854                DMA2_Stream0_IRQHandler
                0x08002854                TIM4_IRQHandler
                0x08002854                QUADSPI_IRQHandler
                0x08002854                I2C1_EV_IRQHandler
                0x08002854                DMA1_Stream6_IRQHandler
                0x08002854                DMA1_Stream1_IRQHandler
                0x08002854                UART4_IRQHandler
                0x08002854                TIM3_IRQHandler
                0x08002854                RCC_IRQHandler
                0x08002854                TIM8_BRK_TIM12_IRQHandler
                0x08002854                Default_Handler
                0x08002854                CEC_IRQHandler
                0x08002854                EXTI15_10_IRQHandler
                0x08002854                ADC_IRQHandler
                0x08002854                DMA1_Stream7_IRQHandler
                0x08002854                SPI5_IRQHandler
                0x08002854                SDMMC1_IRQHandler
                0x08002854                CAN2_TX_IRQHandler
                0x08002854                TIM5_IRQHandler
                0x08002854                DMA2_Stream7_IRQHandler
                0x08002854                I2C3_EV_IRQHandler
                0x08002854                EXTI9_5_IRQHandler
                0x08002854                RTC_WKUP_IRQHandler
                0x08002854                LTDC_IRQHandler
                0x08002854                ETH_WKUP_IRQHandler
                0x08002854                SPDIF_RX_IRQHandler
                0x08002854                SPI2_IRQHandler
                0x08002854                OTG_HS_EP1_IN_IRQHandler
                0x08002854                DMA1_Stream0_IRQHandler
                0x08002854                CAN1_TX_IRQHandler
                0x08002854                EXTI4_IRQHandler
                0x08002854                RNG_IRQHandler
                0x08002854                ETH_IRQHandler
                0x08002854                OTG_HS_EP1_OUT_IRQHandler
                0x08002854                WWDG_IRQHandler
                0x08002854                SPI6_IRQHandler
                0x08002854                MDIOS_IRQHandler
                0x08002854                I2C4_EV_IRQHandler
                0x08002854                CAN3_TX_IRQHandler
                0x08002854                TIM2_IRQHandler
                0x08002854                OTG_FS_WKUP_IRQHandler
                0x08002854                TIM1_TRG_COM_TIM11_IRQHandler
                0x08002854                OTG_HS_IRQHandler
                0x08002854                DMA2D_IRQHandler
                0x08002854                EXTI1_IRQHandler
                0x08002854                SDMMC2_IRQHandler
                0x08002854                UART7_IRQHandler
                0x08002854                USART2_IRQHandler
                0x08002854                DFSDM1_FLT0_IRQHandler
                0x08002854                I2C2_ER_IRQHandler
                0x08002854                DMA2_Stream1_IRQHandler
                0x08002854                CAN1_SCE_IRQHandler
                0x08002854                FLASH_IRQHandler
                0x08002854                DMA2_Stream4_IRQHandler
                0x08002854                USART1_IRQHandler
                0x08002854                OTG_FS_IRQHandler
                0x08002854                SPI3_IRQHandler
                0x08002854                DMA1_Stream4_IRQHandler
                0x08002854                I2C1_ER_IRQHandler
                0x08002854                FMC_IRQHandler
                0x08002854                LPTIM1_IRQHandler
                0x08002854                I2C4_ER_IRQHandler
                0x08002854                DMA2_Stream6_IRQHandler
                0x08002854                SAI1_IRQHandler
                0x08002854                DMA1_Stream3_IRQHandler
 .text.NMI_Handler
                0x08002856        0xe src\stm32f7xx_it.o
                0x08002856                NMI_Handler
 .text.HardFault_Handler
                0x08002864        0x6 src\stm32f7xx_it.o
                0x08002864                HardFault_Handler
 .text.MemManage_Handler
                0x0800286a        0x6 src\stm32f7xx_it.o
                0x0800286a                MemManage_Handler
 .text.BusFault_Handler
                0x08002870        0x6 src\stm32f7xx_it.o
                0x08002870                BusFault_Handler
 .text.UsageFault_Handler
                0x08002876        0x6 src\stm32f7xx_it.o
                0x08002876                UsageFault_Handler
 .text.SVC_Handler
                0x0800287c        0xe src\stm32f7xx_it.o
                0x0800287c                SVC_Handler
 .text.DebugMon_Handler
                0x0800288a        0xe src\stm32f7xx_it.o
                0x0800288a                DebugMon_Handler
 .text.PendSV_Handler
                0x08002898        0xe src\stm32f7xx_it.o
                0x08002898                PendSV_Handler
 *fill*         0x080028a6        0x2 
 .text.SysTick_Handler
                0x080028a8       0x1c src\stm32f7xx_it.o
                0x080028a8                SysTick_Handler
 .text.SystemInit
                0x080028c4       0x6c src\system_stm32f7xx.o
                0x080028c4                SystemInit
 .text.__libc_init_array
                0x08002930       0x48 c:/program files (x86)/atollic/truestudio for stm32 9.3.0/armtools/bin/../lib/gcc/arm-atollic-eabi/6.3.1/../../../../arm-atollic-eabi/lib/armv7e-m/fpu/fpv5-sp-d16\libc.a(lib_a-init.o)
                0x08002930                __libc_init_array
 *(.glue_7)
 .glue_7        0x08002978        0x0 linker stubs
 *(.glue_7t)
 .glue_7t       0x08002978        0x0 linker stubs
 *(.eh_frame)
 .eh_frame      0x08002978        0x0 c:/program files (x86)/atollic/truestudio for stm32 9.3.0/armtools/bin/../lib/gcc/arm-atollic-eabi/6.3.1/armv7e-m/fpu/fpv5-sp-d16/crtbegin.o
 *(.init)
 .init          0x08002978        0x4 c:/program files (x86)/atollic/truestudio for stm32 9.3.0/armtools/bin/../lib/gcc/arm-atollic-eabi/6.3.1/armv7e-m/fpu/fpv5-sp-d16/crti.o
                0x08002978                _init
 .init          0x0800297c        0x8 c:/program files (x86)/atollic/truestudio for stm32 9.3.0/armtools/bin/../lib/gcc/arm-atollic-eabi/6.3.1/armv7e-m/fpu/fpv5-sp-d16/crtn.o
 *(.fini)
 .fini          0x08002984        0x4 c:/program files (x86)/atollic/truestudio for stm32 9.3.0/armtools/bin/../lib/gcc/arm-atollic-eabi/6.3.1/armv7e-m/fpu/fpv5-sp-d16/crti.o
                0x08002984                _fini
 .fini          0x08002988        0x8 c:/program files (x86)/atollic/truestudio for stm32 9.3.0/armtools/bin/../lib/gcc/arm-atollic-eabi/6.3.1/armv7e-m/fpu/fpv5-sp-d16/crtn.o
                0x08002990                . = ALIGN (0x4)
                0x08002990                _etext = .

.vfp11_veneer   0x08002990        0x0
 .vfp11_veneer  0x08002990        0x0 linker stubs

.v4_bx          0x08002990        0x0
 .v4_bx         0x08002990        0x0 linker stubs

.iplt           0x08002990        0x0
 .iplt          0x08002990        0x0 c:/program files (x86)/atollic/truestudio for stm32 9.3.0/armtools/bin/../lib/gcc/arm-atollic-eabi/6.3.1/armv7e-m/fpu/fpv5-sp-d16/crtbegin.o

.rodata         0x08002990       0x10
                0x08002990                . = ALIGN (0x4)
 *(.rodata)
 *(.rodata*)
 .rodata.AHBPrescTable
                0x08002990       0x10 src\system_stm32f7xx.o
                0x08002990                AHBPrescTable
                0x080029a0                . = ALIGN (0x4)

.ARM.extab
 *(.ARM.extab* .gnu.linkonce.armextab.*)

.ARM            0x080029a0        0x8
                0x080029a0                __exidx_start = .
 *(.ARM.exidx*)
 .ARM.exidx     0x080029a0        0x8 c:/program files (x86)/atollic/truestudio for stm32 9.3.0/armtools/bin/../lib/gcc/arm-atollic-eabi/6.3.1/armv7e-m/fpu/fpv5-sp-d16\libgcc.a(_udivmoddi4.o)
                0x080029a8                __exidx_end = .

.rel.dyn        0x080029a8        0x0
 .rel.iplt      0x080029a8        0x0 c:/program files (x86)/atollic/truestudio for stm32 9.3.0/armtools/bin/../lib/gcc/arm-atollic-eabi/6.3.1/armv7e-m/fpu/fpv5-sp-d16/crtbegin.o

.preinit_array  0x080029a8        0x0
                0x080029a8                PROVIDE (__preinit_array_start, .)
 *(.preinit_array*)
                0x080029a8                PROVIDE (__preinit_array_end, .)

.init_array     0x080029a8        0x4
                0x080029a8                PROVIDE (__init_array_start, .)
 *(SORT(.init_array.*))
 *(.init_array*)
 .init_array    0x080029a8        0x4 c:/program files (x86)/atollic/truestudio for stm32 9.3.0/armtools/bin/../lib/gcc/arm-atollic-eabi/6.3.1/armv7e-m/fpu/fpv5-sp-d16/crtbegin.o
                0x080029ac                PROVIDE (__init_array_end, .)

.fini_array     0x080029ac        0x4
                [!provide]                PROVIDE (__fini_array_start, .)
 *(SORT(.fini_array.*))
 *(.fini_array*)
 .fini_array    0x080029ac        0x4 c:/program files (x86)/atollic/truestudio for stm32 9.3.0/armtools/bin/../lib/gcc/arm-atollic-eabi/6.3.1/armv7e-m/fpu/fpv5-sp-d16/crtbegin.o
                [!provide]                PROVIDE (__fini_array_end, .)
                0x080029b0                _sidata = LOADADDR (.data)

.data           0x20020000       0x40 load address 0x080029b0
                0x20020000                . = ALIGN (0x4)
                0x20020000                _sdata = .
 *(.data)
 *(.data*)
 .data.uwTickPrio
                0x20020000        0x4 Drivers\STM32F7xx_HAL_Driver\Src\stm32f7xx_hal.o
                0x20020000                uwTickPrio
 .data.uwTickFreq
                0x20020004        0x1 Drivers\STM32F7xx_HAL_Driver\Src\stm32f7xx_hal.o
                0x20020004                uwTickFreq
 *fill*         0x20020005        0x3 
 .data.PID_MOTOR
                0x20020008       0x34 src\main.o
                0x20020008                PID_MOTOR
 .data.SystemCoreClock
                0x2002003c        0x4 src\system_stm32f7xx.o
                0x2002003c                SystemCoreClock
                0x20020040                . = ALIGN (0x4)
                0x20020040                _edata = .
                0x080029f0                _sidtcmram = LOADADDR (.dtcmram)

.igot.plt       0x20020040        0x0 load address 0x080029f0
 .igot.plt      0x20020040        0x0 c:/program files (x86)/atollic/truestudio for stm32 9.3.0/armtools/bin/../lib/gcc/arm-atollic-eabi/6.3.1/armv7e-m/fpu/fpv5-sp-d16/crtbegin.o

.dtcmram        0x20000000        0x0 load address 0x080029f0
                0x20000000                . = ALIGN (0x4)
                0x20000000                _sdtcmram = .
 *(.dtcmram)
 *(.dtcmram*)
                0x20000000                . = ALIGN (0x4)
                0x20000000                _edtcmram = .
                0x080029f0                _sisram2 = LOADADDR (.sram2)

.sram2          0x2007c000        0x0 load address 0x080029f0
                0x2007c000                . = ALIGN (0x4)
                0x2007c000                _ssram2 = .
 *(.sram2)
 *(.sram2*)
                0x2007c000                . = ALIGN (0x4)
                0x2007c000                _esram2 = .
                0x2007c000                . = ALIGN (0x4)

.bss            0x20020040      0x13c
                0x20020040                _sbss = .
                0x20020040                __bss_start__ = _sbss
 *(.bss)
 .bss           0x20020040       0x1c c:/program files (x86)/atollic/truestudio for stm32 9.3.0/armtools/bin/../lib/gcc/arm-atollic-eabi/6.3.1/armv7e-m/fpu/fpv5-sp-d16/crtbegin.o
 *(.bss*)
 .bss.msTick    0x2002005c        0x4 src\stm32f7xx_it.o
                0x2002005c                msTick
 *(COMMON)
 COMMON         0x20020060        0x4 Drivers\STM32F7xx_HAL_Driver\Src\stm32f7xx_hal.o
                0x20020060                uwTick
 COMMON         0x20020064       0x80 ENCODER\encoder.o
                0x20020064                TIM2_Handler
                0x200200a4                TIM5_Handler
 COMMON         0x200200e4       0x40 PWM\pwm.o
                0x200200e4                TIM1_Handler
 COMMON         0x20020124       0x40 TIMER\timer.o
                0x20020124                TIM7_Handler
 COMMON         0x20020164       0x18 src\main.o
                0x20020164                output
                0x20020168                setpoint
                0x2002016c                input
                0x20020170                result
                0x20020174                start
                0x20020178                stop
                0x2002017c                . = ALIGN (0x4)
                0x2002017c                _ebss = .
                0x2002017c                __bss_end__ = _ebss

._user_heap_stack
                0x2002017c      0x400
                0x2002017c                . = ALIGN (0x4)
                [!provide]                PROVIDE (end, .)
                [!provide]                PROVIDE (_end, .)
                0x2002017c                . = (. + _Min_Heap_Size)
                0x2002057c                . = (. + _Min_Stack_Size)
 *fill*         0x2002017c      0x400 
                0x2002057c                . = ALIGN (0x4)

.memory_b1_text
 *(.mb1text)
 *(.mb1text*)
 *(.mb1rodata)
 *(.mb1rodata*)

/DISCARD/
 libc.a(*)
 libm.a(*)
 libgcc.a(*)

.ARM.attributes
                0x00000000       0x30
 *(.ARM.attributes)
 .ARM.attributes
                0x00000000       0x22 c:/program files (x86)/atollic/truestudio for stm32 9.3.0/armtools/bin/../lib/gcc/arm-atollic-eabi/6.3.1/armv7e-m/fpu/fpv5-sp-d16/crti.o
 .ARM.attributes
                0x00000022       0x34 c:/program files (x86)/atollic/truestudio for stm32 9.3.0/armtools/bin/../lib/gcc/arm-atollic-eabi/6.3.1/armv7e-m/fpu/fpv5-sp-d16/crtbegin.o
 .ARM.attributes
                0x00000056       0x39 Drivers\STM32F7xx_HAL_Driver\Src\stm32f7xx_hal.o
 .ARM.attributes
                0x0000008f       0x39 Drivers\STM32F7xx_HAL_Driver\Src\stm32f7xx_hal_cortex.o
 .ARM.attributes
                0x000000c8       0x39 Drivers\STM32F7xx_HAL_Driver\Src\stm32f7xx_hal_gpio.o
 .ARM.attributes
                0x00000101       0x39 Drivers\STM32F7xx_HAL_Driver\Src\stm32f7xx_hal_pwr_ex.o
 .ARM.attributes
                0x0000013a       0x39 Drivers\STM32F7xx_HAL_Driver\Src\stm32f7xx_hal_rcc.o
 .ARM.attributes
                0x00000173       0x39 Drivers\STM32F7xx_HAL_Driver\Src\stm32f7xx_hal_tim.o
 .ARM.attributes
                0x000001ac       0x39 ENCODER\encoder.o
 .ARM.attributes
                0x000001e5       0x39 PWM\pwm.o
 .ARM.attributes
                0x0000021e       0x39 TIMER\timer.o
 .ARM.attributes
                0x00000257       0x39 src\main.o
 .ARM.attributes
                0x00000290       0x21 src\startup_stm32f767xx.o
 .ARM.attributes
                0x000002b1       0x39 src\stm32f7xx_it.o
 .ARM.attributes
                0x000002ea       0x39 src\system_stm32f7xx.o
 .ARM.attributes
                0x00000323       0x34 c:/program files (x86)/atollic/truestudio for stm32 9.3.0/armtools/bin/../lib/gcc/arm-atollic-eabi/6.3.1/../../../../arm-atollic-eabi/lib/armv7e-m/fpu/fpv5-sp-d16\libc.a(lib_a-init.o)
 .ARM.attributes
                0x00000357       0x22 c:/program files (x86)/atollic/truestudio for stm32 9.3.0/armtools/bin/../lib/gcc/arm-atollic-eabi/6.3.1/armv7e-m/fpu/fpv5-sp-d16\libgcc.a(_aeabi_uldivmod.o)
 .ARM.attributes
                0x00000379       0x34 c:/program files (x86)/atollic/truestudio for stm32 9.3.0/armtools/bin/../lib/gcc/arm-atollic-eabi/6.3.1/armv7e-m/fpu/fpv5-sp-d16\libgcc.a(_udivmoddi4.o)
 .ARM.attributes
                0x000003ad       0x22 c:/program files (x86)/atollic/truestudio for stm32 9.3.0/armtools/bin/../lib/gcc/arm-atollic-eabi/6.3.1/armv7e-m/fpu/fpv5-sp-d16\libgcc.a(_dvmd_tls.o)
 .ARM.attributes
                0x000003cf       0x22 c:/program files (x86)/atollic/truestudio for stm32 9.3.0/armtools/bin/../lib/gcc/arm-atollic-eabi/6.3.1/armv7e-m/fpu/fpv5-sp-d16/crtn.o
OUTPUT(PID.elf elf32-littlearm)

.debug_info     0x00000000     0xaada
 .debug_info    0x00000000      0xaa6 Drivers\STM32F7xx_HAL_Driver\Src\stm32f7xx_hal.o
 .debug_info    0x00000aa6     0x1085 Drivers\STM32F7xx_HAL_Driver\Src\stm32f7xx_hal_cortex.o
 .debug_info    0x00001b2b      0x7e8 Drivers\STM32F7xx_HAL_Driver\Src\stm32f7xx_hal_gpio.o
 .debug_info    0x00002313      0x9a5 Drivers\STM32F7xx_HAL_Driver\Src\stm32f7xx_hal_pwr_ex.o
 .debug_info    0x00002cb8      0x987 Drivers\STM32F7xx_HAL_Driver\Src\stm32f7xx_hal_rcc.o
 .debug_info    0x0000363f     0x25b5 Drivers\STM32F7xx_HAL_Driver\Src\stm32f7xx_hal_tim.o
 .debug_info    0x00005bf4      0xae4 ENCODER\encoder.o
 .debug_info    0x000066d8     0x128c PWM\pwm.o
 .debug_info    0x00007964      0xb77 TIMER\timer.o
 .debug_info    0x000084db     0x1ce1 src\main.o
 .debug_info    0x0000a1bc       0x7c src\startup_stm32f767xx.o
 .debug_info    0x0000a238      0x163 src\stm32f7xx_it.o
 .debug_info    0x0000a39b      0x73f src\system_stm32f7xx.o

.debug_abbrev   0x00000000     0x16c0
 .debug_abbrev  0x00000000      0x1c2 Drivers\STM32F7xx_HAL_Driver\Src\stm32f7xx_hal.o
 .debug_abbrev  0x000001c2      0x2da Drivers\STM32F7xx_HAL_Driver\Src\stm32f7xx_hal_cortex.o
 .debug_abbrev  0x0000049c      0x1c4 Drivers\STM32F7xx_HAL_Driver\Src\stm32f7xx_hal_gpio.o
 .debug_abbrev  0x00000660      0x1b7 Drivers\STM32F7xx_HAL_Driver\Src\stm32f7xx_hal_pwr_ex.o
 .debug_abbrev  0x00000817      0x263 Drivers\STM32F7xx_HAL_Driver\Src\stm32f7xx_hal_rcc.o
 .debug_abbrev  0x00000a7a      0x229 Drivers\STM32F7xx_HAL_Driver\Src\stm32f7xx_hal_tim.o
 .debug_abbrev  0x00000ca3      0x198 ENCODER\encoder.o
 .debug_abbrev  0x00000e3b      0x209 PWM\pwm.o
 .debug_abbrev  0x00001044      0x17c TIMER\timer.o
 .debug_abbrev  0x000011c0      0x30d src\main.o
 .debug_abbrev  0x000014cd       0x12 src\startup_stm32f767xx.o
 .debug_abbrev  0x000014df       0x9f src\stm32f7xx_it.o
 .debug_abbrev  0x0000157e      0x142 src\system_stm32f7xx.o

.debug_aranges  0x00000000      0x8c0
 .debug_aranges
                0x00000000      0x110 Drivers\STM32F7xx_HAL_Driver\Src\stm32f7xx_hal.o
 .debug_aranges
                0x00000110      0x118 Drivers\STM32F7xx_HAL_Driver\Src\stm32f7xx_hal_cortex.o
 .debug_aranges
                0x00000228       0x58 Drivers\STM32F7xx_HAL_Driver\Src\stm32f7xx_hal_gpio.o
 .debug_aranges
                0x00000280       0x80 Drivers\STM32F7xx_HAL_Driver\Src\stm32f7xx_hal_pwr_ex.o
 .debug_aranges
                0x00000300       0x88 Drivers\STM32F7xx_HAL_Driver\Src\stm32f7xx_hal_rcc.o
 .debug_aranges
                0x00000388      0x3b8 Drivers\STM32F7xx_HAL_Driver\Src\stm32f7xx_hal_tim.o
 .debug_aranges
                0x00000740       0x28 ENCODER\encoder.o
 .debug_aranges
                0x00000768       0x28 PWM\pwm.o
 .debug_aranges
                0x00000790       0x20 TIMER\timer.o
 .debug_aranges
                0x000007b0       0x58 src\main.o
 .debug_aranges
                0x00000808       0x28 src\startup_stm32f767xx.o
 .debug_aranges
                0x00000830       0x68 src\stm32f7xx_it.o
 .debug_aranges
                0x00000898       0x28 src\system_stm32f7xx.o

.debug_ranges   0x00000000      0x7f8
 .debug_ranges  0x00000000      0x100 Drivers\STM32F7xx_HAL_Driver\Src\stm32f7xx_hal.o
 .debug_ranges  0x00000100      0x108 Drivers\STM32F7xx_HAL_Driver\Src\stm32f7xx_hal_cortex.o
 .debug_ranges  0x00000208       0x48 Drivers\STM32F7xx_HAL_Driver\Src\stm32f7xx_hal_gpio.o
 .debug_ranges  0x00000250       0x70 Drivers\STM32F7xx_HAL_Driver\Src\stm32f7xx_hal_pwr_ex.o
 .debug_ranges  0x000002c0       0x78 Drivers\STM32F7xx_HAL_Driver\Src\stm32f7xx_hal_rcc.o
 .debug_ranges  0x00000338      0x3a8 Drivers\STM32F7xx_HAL_Driver\Src\stm32f7xx_hal_tim.o
 .debug_ranges  0x000006e0       0x18 ENCODER\encoder.o
 .debug_ranges  0x000006f8       0x18 PWM\pwm.o
 .debug_ranges  0x00000710       0x10 TIMER\timer.o
 .debug_ranges  0x00000720       0x48 src\main.o
 .debug_ranges  0x00000768       0x20 src\startup_stm32f767xx.o
 .debug_ranges  0x00000788       0x58 src\stm32f7xx_it.o
 .debug_ranges  0x000007e0       0x18 src\system_stm32f7xx.o

.debug_line     0x00000000     0x3dad
 .debug_line    0x00000000      0x454 Drivers\STM32F7xx_HAL_Driver\Src\stm32f7xx_hal.o
 .debug_line    0x00000454      0x545 Drivers\STM32F7xx_HAL_Driver\Src\stm32f7xx_hal_cortex.o
 .debug_line    0x00000999      0x43f Drivers\STM32F7xx_HAL_Driver\Src\stm32f7xx_hal_gpio.o
 .debug_line    0x00000dd8      0x37c Drivers\STM32F7xx_HAL_Driver\Src\stm32f7xx_hal_pwr_ex.o
 .debug_line    0x00001154      0x50d Drivers\STM32F7xx_HAL_Driver\Src\stm32f7xx_hal_rcc.o
 .debug_line    0x00001661     0x1575 Drivers\STM32F7xx_HAL_Driver\Src\stm32f7xx_hal_tim.o
 .debug_line    0x00002bd6      0x297 ENCODER\encoder.o
 .debug_line    0x00002e6d      0x371 PWM\pwm.o
 .debug_line    0x000031de      0x235 TIMER\timer.o
 .debug_line    0x00003413      0x534 src\main.o
 .debug_line    0x00003947       0x7b src\startup_stm32f767xx.o
 .debug_line    0x000039c2      0x1dd src\stm32f7xx_it.o
 .debug_line    0x00003b9f      0x20e src\system_stm32f7xx.o

.debug_str      0x00000000     0x32d4
 .debug_str     0x00000000      0xd0e Drivers\STM32F7xx_HAL_Driver\Src\stm32f7xx_hal.o
                                0xd77 (size before relaxing)
 .debug_str     0x00000d0e      0x4d8 Drivers\STM32F7xx_HAL_Driver\Src\stm32f7xx_hal_cortex.o
                                0xf18 (size before relaxing)
 .debug_str     0x000011e6      0x1b2 Drivers\STM32F7xx_HAL_Driver\Src\stm32f7xx_hal_gpio.o
                                0x5ec (size before relaxing)
 .debug_str     0x00001398      0x21a Drivers\STM32F7xx_HAL_Driver\Src\stm32f7xx_hal_pwr_ex.o
                                0x73b (size before relaxing)
 .debug_str     0x000015b2      0x2e9 Drivers\STM32F7xx_HAL_Driver\Src\stm32f7xx_hal_rcc.o
                                0x7ac (size before relaxing)
 .debug_str     0x0000189b     0x1258 Drivers\STM32F7xx_HAL_Driver\Src\stm32f7xx_hal_tim.o
                               0x15bf (size before relaxing)
 .debug_str     0x00002af3       0x74 ENCODER\encoder.o
                                0x972 (size before relaxing)
 .debug_str     0x00002b67      0x430 PWM\pwm.o
                                0xd53 (size before relaxing)
 .debug_str     0x00002f97       0x2f TIMER\timer.o
                                0xe90 (size before relaxing)
 .debug_str     0x00002fc6      0x209 src\main.o
                               0x1157 (size before relaxing)
 .debug_str     0x000031cf       0xc0 src\stm32f7xx_it.o
                                0x25a (size before relaxing)
 .debug_str     0x0000328f       0x45 src\system_stm32f7xx.o
                                0x519 (size before relaxing)

.comment        0x00000000       0x7c
 .comment       0x00000000       0x7c Drivers\STM32F7xx_HAL_Driver\Src\stm32f7xx_hal.o
                                 0x7d (size before relaxing)
 .comment       0x0000007c       0x7d Drivers\STM32F7xx_HAL_Driver\Src\stm32f7xx_hal_cortex.o
 .comment       0x0000007c       0x7d Drivers\STM32F7xx_HAL_Driver\Src\stm32f7xx_hal_gpio.o
 .comment       0x0000007c       0x7d Drivers\STM32F7xx_HAL_Driver\Src\stm32f7xx_hal_pwr_ex.o
 .comment       0x0000007c       0x7d Drivers\STM32F7xx_HAL_Driver\Src\stm32f7xx_hal_rcc.o
 .comment       0x0000007c       0x7d Drivers\STM32F7xx_HAL_Driver\Src\stm32f7xx_hal_tim.o
 .comment       0x0000007c       0x7d ENCODER\encoder.o
 .comment       0x0000007c       0x7d PWM\pwm.o
 .comment       0x0000007c       0x7d TIMER\timer.o
 .comment       0x0000007c       0x7d src\main.o
 .comment       0x0000007c       0x7d src\stm32f7xx_it.o
 .comment       0x0000007c       0x7d src\system_stm32f7xx.o

.debug_frame    0x00000000     0x2300
 .debug_frame   0x00000000      0x3f4 Drivers\STM32F7xx_HAL_Driver\Src\stm32f7xx_hal.o
 .debug_frame   0x000003f4      0x498 Drivers\STM32F7xx_HAL_Driver\Src\stm32f7xx_hal_cortex.o
 .debug_frame   0x0000088c      0x14c Drivers\STM32F7xx_HAL_Driver\Src\stm32f7xx_hal_gpio.o
 .debug_frame   0x000009d8      0x1c8 Drivers\STM32F7xx_HAL_Driver\Src\stm32f7xx_hal_pwr_ex.o
 .debug_frame   0x00000ba0      0x1fc Drivers\STM32F7xx_HAL_Driver\Src\stm32f7xx_hal_rcc.o
 .debug_frame   0x00000d9c     0x1144 Drivers\STM32F7xx_HAL_Driver\Src\stm32f7xx_hal_tim.o
 .debug_frame   0x00001ee0       0x58 ENCODER\encoder.o
 .debug_frame   0x00001f38       0x5c PWM\pwm.o
 .debug_frame   0x00001f94       0x34 TIMER\timer.o
 .debug_frame   0x00001fc8      0x11c src\main.o
 .debug_frame   0x000020e4      0x138 src\stm32f7xx_it.o
 .debug_frame   0x0000221c       0x58 src\system_stm32f7xx.o
 .debug_frame   0x00002274       0x2c c:/program files (x86)/atollic/truestudio for stm32 9.3.0/armtools/bin/../lib/gcc/arm-atollic-eabi/6.3.1/../../../../arm-atollic-eabi/lib/armv7e-m/fpu/fpv5-sp-d16\libc.a(lib_a-init.o)
 .debug_frame   0x000022a0       0x2c c:/program files (x86)/atollic/truestudio for stm32 9.3.0/armtools/bin/../lib/gcc/arm-atollic-eabi/6.3.1/armv7e-m/fpu/fpv5-sp-d16\libgcc.a(_aeabi_uldivmod.o)
 .debug_frame   0x000022cc       0x34 c:/program files (x86)/atollic/truestudio for stm32 9.3.0/armtools/bin/../lib/gcc/arm-atollic-eabi/6.3.1/armv7e-m/fpu/fpv5-sp-d16\libgcc.a(_udivmoddi4.o)

Cross Reference Table

Symbol                                            File
ADC_IRQHandler                                    src\startup_stm32f767xx.o
AHBPrescTable                                     src\system_stm32f7xx.o
                                                  Drivers\STM32F7xx_HAL_Driver\Src\stm32f7xx_hal_rcc.o
APBPrescTable                                     src\system_stm32f7xx.o
                                                  Drivers\STM32F7xx_HAL_Driver\Src\stm32f7xx_hal_rcc.o
BusFault_Handler                                  src\stm32f7xx_it.o
                                                  src\startup_stm32f767xx.o
CAN1_RX0_IRQHandler                               src\startup_stm32f767xx.o
CAN1_RX1_IRQHandler                               src\startup_stm32f767xx.o
CAN1_SCE_IRQHandler                               src\startup_stm32f767xx.o
CAN1_TX_IRQHandler                                src\startup_stm32f767xx.o
CAN2_RX0_IRQHandler                               src\startup_stm32f767xx.o
CAN2_RX1_IRQHandler                               src\startup_stm32f767xx.o
CAN2_SCE_IRQHandler                               src\startup_stm32f767xx.o
CAN2_TX_IRQHandler                                src\startup_stm32f767xx.o
CAN3_RX0_IRQHandler                               src\startup_stm32f767xx.o
CAN3_RX1_IRQHandler                               src\startup_stm32f767xx.o
CAN3_SCE_IRQHandler                               src\startup_stm32f767xx.o
CAN3_TX_IRQHandler                                src\startup_stm32f767xx.o
CEC_IRQHandler                                    src\startup_stm32f767xx.o
DCMI_IRQHandler                                   src\startup_stm32f767xx.o
DFSDM1_FLT0_IRQHandler                            src\startup_stm32f767xx.o
DFSDM1_FLT1_IRQHandler                            src\startup_stm32f767xx.o
DFSDM1_FLT2_IRQHandler                            src\startup_stm32f767xx.o
DFSDM1_FLT3_IRQHandler                            src\startup_stm32f767xx.o
DMA1_Stream0_IRQHandler                           src\startup_stm32f767xx.o
DMA1_Stream1_IRQHandler                           src\startup_stm32f767xx.o
DMA1_Stream2_IRQHandler                           src\startup_stm32f767xx.o
DMA1_Stream3_IRQHandler                           src\startup_stm32f767xx.o
DMA1_Stream4_IRQHandler                           src\startup_stm32f767xx.o
DMA1_Stream5_IRQHandler                           src\startup_stm32f767xx.o
DMA1_Stream6_IRQHandler                           src\startup_stm32f767xx.o
DMA1_Stream7_IRQHandler                           src\startup_stm32f767xx.o
DMA2D_IRQHandler                                  src\startup_stm32f767xx.o
DMA2_Stream0_IRQHandler                           src\startup_stm32f767xx.o
DMA2_Stream1_IRQHandler                           src\startup_stm32f767xx.o
DMA2_Stream2_IRQHandler                           src\startup_stm32f767xx.o
DMA2_Stream3_IRQHandler                           src\startup_stm32f767xx.o
DMA2_Stream4_IRQHandler                           src\startup_stm32f767xx.o
DMA2_Stream5_IRQHandler                           src\startup_stm32f767xx.o
DMA2_Stream6_IRQHandler                           src\startup_stm32f767xx.o
DMA2_Stream7_IRQHandler                           src\startup_stm32f767xx.o
DebugMon_Handler                                  src\stm32f7xx_it.o
                                                  src\startup_stm32f767xx.o
Default_Handler                                   src\startup_stm32f767xx.o
ENCODER2_Init                                     ENCODER\encoder.o
                                                  src\main.o
ENCODER5_Init                                     ENCODER\encoder.o
                                                  src\main.o
ETH_IRQHandler                                    src\startup_stm32f767xx.o
ETH_WKUP_IRQHandler                               src\startup_stm32f767xx.o
EXTI0_IRQHandler                                  src\startup_stm32f767xx.o
EXTI15_10_IRQHandler                              src\startup_stm32f767xx.o
EXTI1_IRQHandler                                  src\startup_stm32f767xx.o
EXTI2_IRQHandler                                  src\startup_stm32f767xx.o
EXTI3_IRQHandler                                  src\startup_stm32f767xx.o
EXTI4_IRQHandler                                  src\startup_stm32f767xx.o
EXTI9_5_IRQHandler                                src\startup_stm32f767xx.o
FLASH_Erase_Sector                                Drivers\STM32F7xx_HAL_Driver\Src\stm32f7xx_hal_flash_ex.o
                                                  Drivers\STM32F7xx_HAL_Driver\Src\stm32f7xx_hal_flash.o
FLASH_IRQHandler                                  src\startup_stm32f767xx.o
FLASH_WaitForLastOperation                        Drivers\STM32F7xx_HAL_Driver\Src\stm32f7xx_hal_flash.o
                                                  Drivers\STM32F7xx_HAL_Driver\Src\stm32f7xx_hal_flash_ex.o
FMC_IRQHandler                                    src\startup_stm32f767xx.o
FPU_IRQHandler                                    src\startup_stm32f767xx.o
HAL_ADCEx_InjectedConfigChannel                   Drivers\STM32F7xx_HAL_Driver\Src\stm32f7xx_hal_adc_ex.o
HAL_ADCEx_InjectedConvCpltCallback                Drivers\STM32F7xx_HAL_Driver\Src\stm32f7xx_hal_adc_ex.o
                                                  Drivers\STM32F7xx_HAL_Driver\Src\stm32f7xx_hal_adc.o
HAL_ADCEx_InjectedGetValue                        Drivers\STM32F7xx_HAL_Driver\Src\stm32f7xx_hal_adc_ex.o
HAL_ADCEx_InjectedPollForConversion               Drivers\STM32F7xx_HAL_Driver\Src\stm32f7xx_hal_adc_ex.o
HAL_ADCEx_InjectedStart                           Drivers\STM32F7xx_HAL_Driver\Src\stm32f7xx_hal_adc_ex.o
HAL_ADCEx_InjectedStart_IT                        Drivers\STM32F7xx_HAL_Driver\Src\stm32f7xx_hal_adc_ex.o
HAL_ADCEx_InjectedStop                            Drivers\STM32F7xx_HAL_Driver\Src\stm32f7xx_hal_adc_ex.o
HAL_ADCEx_InjectedStop_IT                         Drivers\STM32F7xx_HAL_Driver\Src\stm32f7xx_hal_adc_ex.o
HAL_ADCEx_MultiModeConfigChannel                  Drivers\STM32F7xx_HAL_Driver\Src\stm32f7xx_hal_adc_ex.o
HAL_ADCEx_MultiModeGetValue                       Drivers\STM32F7xx_HAL_Driver\Src\stm32f7xx_hal_adc_ex.o
HAL_ADCEx_MultiModeStart_DMA                      Drivers\STM32F7xx_HAL_Driver\Src\stm32f7xx_hal_adc_ex.o
HAL_ADCEx_MultiModeStop_DMA                       Drivers\STM32F7xx_HAL_Driver\Src\stm32f7xx_hal_adc_ex.o
HAL_ADC_AnalogWDGConfig                           Drivers\STM32F7xx_HAL_Driver\Src\stm32f7xx_hal_adc.o
HAL_ADC_ConfigChannel                             Drivers\STM32F7xx_HAL_Driver\Src\stm32f7xx_hal_adc.o
HAL_ADC_ConvCpltCallback                          Drivers\STM32F7xx_HAL_Driver\Src\stm32f7xx_hal_adc.o
                                                  Drivers\STM32F7xx_HAL_Driver\Src\stm32f7xx_hal_adc_ex.o
HAL_ADC_ConvHalfCpltCallback                      Drivers\STM32F7xx_HAL_Driver\Src\stm32f7xx_hal_adc.o
                                                  Drivers\STM32F7xx_HAL_Driver\Src\stm32f7xx_hal_adc_ex.o
HAL_ADC_DeInit                                    Drivers\STM32F7xx_HAL_Driver\Src\stm32f7xx_hal_adc.o
HAL_ADC_ErrorCallback                             Drivers\STM32F7xx_HAL_Driver\Src\stm32f7xx_hal_adc.o
                                                  Drivers\STM32F7xx_HAL_Driver\Src\stm32f7xx_hal_adc_ex.o
HAL_ADC_GetError                                  Drivers\STM32F7xx_HAL_Driver\Src\stm32f7xx_hal_adc.o
HAL_ADC_GetState                                  Drivers\STM32F7xx_HAL_Driver\Src\stm32f7xx_hal_adc.o
HAL_ADC_GetValue                                  Drivers\STM32F7xx_HAL_Driver\Src\stm32f7xx_hal_adc.o
HAL_ADC_IRQHandler                                Drivers\STM32F7xx_HAL_Driver\Src\stm32f7xx_hal_adc.o
HAL_ADC_Init                                      Drivers\STM32F7xx_HAL_Driver\Src\stm32f7xx_hal_adc.o
HAL_ADC_LevelOutOfWindowCallback                  Drivers\STM32F7xx_HAL_Driver\Src\stm32f7xx_hal_adc.o
HAL_ADC_MspDeInit                                 Drivers\STM32F7xx_HAL_Driver\Src\stm32f7xx_hal_adc.o
HAL_ADC_MspInit                                   Drivers\STM32F7xx_HAL_Driver\Src\stm32f7xx_hal_adc.o
HAL_ADC_PollForConversion                         Drivers\STM32F7xx_HAL_Driver\Src\stm32f7xx_hal_adc.o
HAL_ADC_PollForEvent                              Drivers\STM32F7xx_HAL_Driver\Src\stm32f7xx_hal_adc.o
HAL_ADC_Start                                     Drivers\STM32F7xx_HAL_Driver\Src\stm32f7xx_hal_adc.o
HAL_ADC_Start_DMA                                 Drivers\STM32F7xx_HAL_Driver\Src\stm32f7xx_hal_adc.o
HAL_ADC_Start_IT                                  Drivers\STM32F7xx_HAL_Driver\Src\stm32f7xx_hal_adc.o
HAL_ADC_Stop                                      Drivers\STM32F7xx_HAL_Driver\Src\stm32f7xx_hal_adc.o
HAL_ADC_Stop_DMA                                  Drivers\STM32F7xx_HAL_Driver\Src\stm32f7xx_hal_adc.o
HAL_ADC_Stop_IT                                   Drivers\STM32F7xx_HAL_Driver\Src\stm32f7xx_hal_adc.o
HAL_DBGMCU_DisableDBGSleepMode                    Drivers\STM32F7xx_HAL_Driver\Src\stm32f7xx_hal.o
HAL_DBGMCU_DisableDBGStandbyMode                  Drivers\STM32F7xx_HAL_Driver\Src\stm32f7xx_hal.o
HAL_DBGMCU_DisableDBGStopMode                     Drivers\STM32F7xx_HAL_Driver\Src\stm32f7xx_hal.o
HAL_DBGMCU_EnableDBGSleepMode                     Drivers\STM32F7xx_HAL_Driver\Src\stm32f7xx_hal.o
HAL_DBGMCU_EnableDBGStandbyMode                   Drivers\STM32F7xx_HAL_Driver\Src\stm32f7xx_hal.o
HAL_DBGMCU_EnableDBGStopMode                      Drivers\STM32F7xx_HAL_Driver\Src\stm32f7xx_hal.o
HAL_DMAEx_ChangeMemory                            Drivers\STM32F7xx_HAL_Driver\Src\stm32f7xx_hal_dma_ex.o
HAL_DMAEx_MultiBufferStart                        Drivers\STM32F7xx_HAL_Driver\Src\stm32f7xx_hal_dma_ex.o
HAL_DMAEx_MultiBufferStart_IT                     Drivers\STM32F7xx_HAL_Driver\Src\stm32f7xx_hal_dma_ex.o
HAL_DMA_Abort                                     Drivers\STM32F7xx_HAL_Driver\Src\stm32f7xx_hal_dma.o
                                                  Drivers\STM32F7xx_HAL_Driver\Src\stm32f7xx_hal_adc_ex.o
                                                  Drivers\STM32F7xx_HAL_Driver\Src\stm32f7xx_hal_adc.o
HAL_DMA_Abort_IT                                  Drivers\STM32F7xx_HAL_Driver\Src\stm32f7xx_hal_dma.o
                                                  Drivers\STM32F7xx_HAL_Driver\Src\stm32f7xx_hal_tim_ex.o
                                                  Drivers\STM32F7xx_HAL_Driver\Src\stm32f7xx_hal_tim.o
HAL_DMA_DeInit                                    Drivers\STM32F7xx_HAL_Driver\Src\stm32f7xx_hal_dma.o
HAL_DMA_GetError                                  Drivers\STM32F7xx_HAL_Driver\Src\stm32f7xx_hal_dma.o
HAL_DMA_GetState                                  Drivers\STM32F7xx_HAL_Driver\Src\stm32f7xx_hal_dma.o
HAL_DMA_IRQHandler                                Drivers\STM32F7xx_HAL_Driver\Src\stm32f7xx_hal_dma.o
HAL_DMA_Init                                      Drivers\STM32F7xx_HAL_Driver\Src\stm32f7xx_hal_dma.o
HAL_DMA_PollForTransfer                           Drivers\STM32F7xx_HAL_Driver\Src\stm32f7xx_hal_dma.o
HAL_DMA_RegisterCallback                          Drivers\STM32F7xx_HAL_Driver\Src\stm32f7xx_hal_dma.o
HAL_DMA_Start                                     Drivers\STM32F7xx_HAL_Driver\Src\stm32f7xx_hal_dma.o
HAL_DMA_Start_IT                                  Drivers\STM32F7xx_HAL_Driver\Src\stm32f7xx_hal_dma.o
                                                  Drivers\STM32F7xx_HAL_Driver\Src\stm32f7xx_hal_tim_ex.o
                                                  Drivers\STM32F7xx_HAL_Driver\Src\stm32f7xx_hal_tim.o
                                                  Drivers\STM32F7xx_HAL_Driver\Src\stm32f7xx_hal_adc_ex.o
                                                  Drivers\STM32F7xx_HAL_Driver\Src\stm32f7xx_hal_adc.o
HAL_DMA_UnRegisterCallback                        Drivers\STM32F7xx_HAL_Driver\Src\stm32f7xx_hal_dma.o
HAL_DeInit                                        Drivers\STM32F7xx_HAL_Driver\Src\stm32f7xx_hal.o
HAL_Delay                                         Drivers\STM32F7xx_HAL_Driver\Src\stm32f7xx_hal.o
HAL_DisableCompensationCell                       Drivers\STM32F7xx_HAL_Driver\Src\stm32f7xx_hal.o
HAL_DisableFMCMemorySwapping                      Drivers\STM32F7xx_HAL_Driver\Src\stm32f7xx_hal.o
HAL_DisableMemorySwappingBank                     Drivers\STM32F7xx_HAL_Driver\Src\stm32f7xx_hal.o
HAL_EXTI_ClearConfigLine                          Drivers\STM32F7xx_HAL_Driver\Src\stm32f7xx_hal_exti.o
HAL_EXTI_ClearPending                             Drivers\STM32F7xx_HAL_Driver\Src\stm32f7xx_hal_exti.o
HAL_EXTI_GenerateSWI                              Drivers\STM32F7xx_HAL_Driver\Src\stm32f7xx_hal_exti.o
HAL_EXTI_GetConfigLine                            Drivers\STM32F7xx_HAL_Driver\Src\stm32f7xx_hal_exti.o
HAL_EXTI_GetHandle                                Drivers\STM32F7xx_HAL_Driver\Src\stm32f7xx_hal_exti.o
HAL_EXTI_GetPending                               Drivers\STM32F7xx_HAL_Driver\Src\stm32f7xx_hal_exti.o
HAL_EXTI_IRQHandler                               Drivers\STM32F7xx_HAL_Driver\Src\stm32f7xx_hal_exti.o
HAL_EXTI_RegisterCallback                         Drivers\STM32F7xx_HAL_Driver\Src\stm32f7xx_hal_exti.o
HAL_EXTI_SetConfigLine                            Drivers\STM32F7xx_HAL_Driver\Src\stm32f7xx_hal_exti.o
HAL_EnableCompensationCell                        Drivers\STM32F7xx_HAL_Driver\Src\stm32f7xx_hal.o
HAL_EnableFMCMemorySwapping                       Drivers\STM32F7xx_HAL_Driver\Src\stm32f7xx_hal.o
HAL_EnableMemorySwappingBank                      Drivers\STM32F7xx_HAL_Driver\Src\stm32f7xx_hal.o
HAL_FLASHEx_Erase                                 Drivers\STM32F7xx_HAL_Driver\Src\stm32f7xx_hal_flash_ex.o
HAL_FLASHEx_Erase_IT                              Drivers\STM32F7xx_HAL_Driver\Src\stm32f7xx_hal_flash_ex.o
HAL_FLASHEx_OBGetConfig                           Drivers\STM32F7xx_HAL_Driver\Src\stm32f7xx_hal_flash_ex.o
HAL_FLASHEx_OBProgram                             Drivers\STM32F7xx_HAL_Driver\Src\stm32f7xx_hal_flash_ex.o
HAL_FLASH_EndOfOperationCallback                  Drivers\STM32F7xx_HAL_Driver\Src\stm32f7xx_hal_flash.o
HAL_FLASH_GetError                                Drivers\STM32F7xx_HAL_Driver\Src\stm32f7xx_hal_flash.o
HAL_FLASH_IRQHandler                              Drivers\STM32F7xx_HAL_Driver\Src\stm32f7xx_hal_flash.o
HAL_FLASH_Lock                                    Drivers\STM32F7xx_HAL_Driver\Src\stm32f7xx_hal_flash.o
HAL_FLASH_OB_Launch                               Drivers\STM32F7xx_HAL_Driver\Src\stm32f7xx_hal_flash.o
HAL_FLASH_OB_Lock                                 Drivers\STM32F7xx_HAL_Driver\Src\stm32f7xx_hal_flash.o
HAL_FLASH_OB_Unlock                               Drivers\STM32F7xx_HAL_Driver\Src\stm32f7xx_hal_flash.o
HAL_FLASH_OperationErrorCallback                  Drivers\STM32F7xx_HAL_Driver\Src\stm32f7xx_hal_flash.o
HAL_FLASH_Program                                 Drivers\STM32F7xx_HAL_Driver\Src\stm32f7xx_hal_flash.o
HAL_FLASH_Program_IT                              Drivers\STM32F7xx_HAL_Driver\Src\stm32f7xx_hal_flash.o
HAL_FLASH_Unlock                                  Drivers\STM32F7xx_HAL_Driver\Src\stm32f7xx_hal_flash.o
HAL_GPIO_DeInit                                   Drivers\STM32F7xx_HAL_Driver\Src\stm32f7xx_hal_gpio.o
HAL_GPIO_EXTI_Callback                            Drivers\STM32F7xx_HAL_Driver\Src\stm32f7xx_hal_gpio.o
HAL_GPIO_EXTI_IRQHandler                          Drivers\STM32F7xx_HAL_Driver\Src\stm32f7xx_hal_gpio.o
HAL_GPIO_Init                                     Drivers\STM32F7xx_HAL_Driver\Src\stm32f7xx_hal_gpio.o
                                                  src\main.o
                                                  PWM\pwm.o
                                                  ENCODER\encoder.o
                                                  Drivers\STM32F7xx_HAL_Driver\Src\stm32f7xx_hal_rcc.o
HAL_GPIO_LockPin                                  Drivers\STM32F7xx_HAL_Driver\Src\stm32f7xx_hal_gpio.o
HAL_GPIO_ReadPin                                  Drivers\STM32F7xx_HAL_Driver\Src\stm32f7xx_hal_gpio.o
HAL_GPIO_TogglePin                                Drivers\STM32F7xx_HAL_Driver\Src\stm32f7xx_hal_gpio.o
HAL_GPIO_WritePin                                 Drivers\STM32F7xx_HAL_Driver\Src\stm32f7xx_hal_gpio.o
HAL_GetDEVID                                      Drivers\STM32F7xx_HAL_Driver\Src\stm32f7xx_hal.o
HAL_GetHalVersion                                 Drivers\STM32F7xx_HAL_Driver\Src\stm32f7xx_hal.o
HAL_GetREVID                                      Drivers\STM32F7xx_HAL_Driver\Src\stm32f7xx_hal.o
HAL_GetTick                                       Drivers\STM32F7xx_HAL_Driver\Src\stm32f7xx_hal.o
                                                  Drivers\STM32F7xx_HAL_Driver\Src\stm32f7xx_hal_rcc_ex.o
                                                  Drivers\STM32F7xx_HAL_Driver\Src\stm32f7xx_hal_rcc.o
                                                  Drivers\STM32F7xx_HAL_Driver\Src\stm32f7xx_hal_pwr_ex.o
                                                  Drivers\STM32F7xx_HAL_Driver\Src\stm32f7xx_hal_flash.o
                                                  Drivers\STM32F7xx_HAL_Driver\Src\stm32f7xx_hal_dma.o
                                                  Drivers\STM32F7xx_HAL_Driver\Src\stm32f7xx_hal_adc_ex.o
                                                  Drivers\STM32F7xx_HAL_Driver\Src\stm32f7xx_hal_adc.o
HAL_GetTickFreq                                   Drivers\STM32F7xx_HAL_Driver\Src\stm32f7xx_hal.o
HAL_GetTickPrio                                   Drivers\STM32F7xx_HAL_Driver\Src\stm32f7xx_hal.o
HAL_GetUIDw0                                      Drivers\STM32F7xx_HAL_Driver\Src\stm32f7xx_hal.o
HAL_GetUIDw1                                      Drivers\STM32F7xx_HAL_Driver\Src\stm32f7xx_hal.o
HAL_GetUIDw2                                      Drivers\STM32F7xx_HAL_Driver\Src\stm32f7xx_hal.o
HAL_IncTick                                       Drivers\STM32F7xx_HAL_Driver\Src\stm32f7xx_hal.o
HAL_Init                                          Drivers\STM32F7xx_HAL_Driver\Src\stm32f7xx_hal.o
                                                  src\main.o
HAL_InitTick                                      Drivers\STM32F7xx_HAL_Driver\Src\stm32f7xx_hal.o
                                                  Drivers\STM32F7xx_HAL_Driver\Src\stm32f7xx_hal_rcc.o
HAL_MPU_ConfigRegion                              Drivers\STM32F7xx_HAL_Driver\Src\stm32f7xx_hal_cortex.o
HAL_MPU_Disable                                   Drivers\STM32F7xx_HAL_Driver\Src\stm32f7xx_hal_cortex.o
HAL_MPU_Enable                                    Drivers\STM32F7xx_HAL_Driver\Src\stm32f7xx_hal_cortex.o
HAL_MspDeInit                                     Drivers\STM32F7xx_HAL_Driver\Src\stm32f7xx_hal.o
HAL_MspInit                                       Drivers\STM32F7xx_HAL_Driver\Src\stm32f7xx_hal.o
HAL_NVIC_ClearPendingIRQ                          Drivers\STM32F7xx_HAL_Driver\Src\stm32f7xx_hal_cortex.o
HAL_NVIC_DisableIRQ                               Drivers\STM32F7xx_HAL_Driver\Src\stm32f7xx_hal_cortex.o
HAL_NVIC_EnableIRQ                                Drivers\STM32F7xx_HAL_Driver\Src\stm32f7xx_hal_cortex.o
                                                  TIMER\timer.o
HAL_NVIC_GetActive                                Drivers\STM32F7xx_HAL_Driver\Src\stm32f7xx_hal_cortex.o
HAL_NVIC_GetPendingIRQ                            Drivers\STM32F7xx_HAL_Driver\Src\stm32f7xx_hal_cortex.o
HAL_NVIC_GetPriority                              Drivers\STM32F7xx_HAL_Driver\Src\stm32f7xx_hal_cortex.o
HAL_NVIC_GetPriorityGrouping                      Drivers\STM32F7xx_HAL_Driver\Src\stm32f7xx_hal_cortex.o
HAL_NVIC_SetPendingIRQ                            Drivers\STM32F7xx_HAL_Driver\Src\stm32f7xx_hal_cortex.o
HAL_NVIC_SetPriority                              Drivers\STM32F7xx_HAL_Driver\Src\stm32f7xx_hal_cortex.o
                                                  TIMER\timer.o
                                                  Drivers\STM32F7xx_HAL_Driver\Src\stm32f7xx_hal.o
HAL_NVIC_SetPriorityGrouping                      Drivers\STM32F7xx_HAL_Driver\Src\stm32f7xx_hal_cortex.o
                                                  Drivers\STM32F7xx_HAL_Driver\Src\stm32f7xx_hal.o
HAL_NVIC_SystemReset                              Drivers\STM32F7xx_HAL_Driver\Src\stm32f7xx_hal_cortex.o
HAL_PWREx_ControlVoltageScaling                   Drivers\STM32F7xx_HAL_Driver\Src\stm32f7xx_hal_pwr_ex.o
HAL_PWREx_DisableBkUpReg                          Drivers\STM32F7xx_HAL_Driver\Src\stm32f7xx_hal_pwr_ex.o
HAL_PWREx_DisableFlashPowerDown                   Drivers\STM32F7xx_HAL_Driver\Src\stm32f7xx_hal_pwr_ex.o
HAL_PWREx_DisableLowRegulatorLowVoltage           Drivers\STM32F7xx_HAL_Driver\Src\stm32f7xx_hal_pwr_ex.o
HAL_PWREx_DisableMainRegulatorLowVoltage          Drivers\STM32F7xx_HAL_Driver\Src\stm32f7xx_hal_pwr_ex.o
HAL_PWREx_DisableOverDrive                        Drivers\STM32F7xx_HAL_Driver\Src\stm32f7xx_hal_pwr_ex.o
HAL_PWREx_EnableBkUpReg                           Drivers\STM32F7xx_HAL_Driver\Src\stm32f7xx_hal_pwr_ex.o
HAL_PWREx_EnableFlashPowerDown                    Drivers\STM32F7xx_HAL_Driver\Src\stm32f7xx_hal_pwr_ex.o
HAL_PWREx_EnableLowRegulatorLowVoltage            Drivers\STM32F7xx_HAL_Driver\Src\stm32f7xx_hal_pwr_ex.o
HAL_PWREx_EnableMainRegulatorLowVoltage           Drivers\STM32F7xx_HAL_Driver\Src\stm32f7xx_hal_pwr_ex.o
HAL_PWREx_EnableOverDrive                         Drivers\STM32F7xx_HAL_Driver\Src\stm32f7xx_hal_pwr_ex.o
                                                  src\main.o
HAL_PWREx_EnterUnderDriveSTOPMode                 Drivers\STM32F7xx_HAL_Driver\Src\stm32f7xx_hal_pwr_ex.o
HAL_PWREx_GetVoltageRange                         Drivers\STM32F7xx_HAL_Driver\Src\stm32f7xx_hal_pwr_ex.o
HAL_PWR_ConfigPVD                                 Drivers\STM32F7xx_HAL_Driver\Src\stm32f7xx_hal_pwr.o
HAL_PWR_DeInit                                    Drivers\STM32F7xx_HAL_Driver\Src\stm32f7xx_hal_pwr.o
HAL_PWR_DisableBkUpAccess                         Drivers\STM32F7xx_HAL_Driver\Src\stm32f7xx_hal_pwr.o
HAL_PWR_DisablePVD                                Drivers\STM32F7xx_HAL_Driver\Src\stm32f7xx_hal_pwr.o
HAL_PWR_DisableSEVOnPend                          Drivers\STM32F7xx_HAL_Driver\Src\stm32f7xx_hal_pwr.o
HAL_PWR_DisableSleepOnExit                        Drivers\STM32F7xx_HAL_Driver\Src\stm32f7xx_hal_pwr.o
HAL_PWR_DisableWakeUpPin                          Drivers\STM32F7xx_HAL_Driver\Src\stm32f7xx_hal_pwr.o
HAL_PWR_EnableBkUpAccess                          Drivers\STM32F7xx_HAL_Driver\Src\stm32f7xx_hal_pwr.o
HAL_PWR_EnablePVD                                 Drivers\STM32F7xx_HAL_Driver\Src\stm32f7xx_hal_pwr.o
HAL_PWR_EnableSEVOnPend                           Drivers\STM32F7xx_HAL_Driver\Src\stm32f7xx_hal_pwr.o
HAL_PWR_EnableSleepOnExit                         Drivers\STM32F7xx_HAL_Driver\Src\stm32f7xx_hal_pwr.o
HAL_PWR_EnableWakeUpPin                           Drivers\STM32F7xx_HAL_Driver\Src\stm32f7xx_hal_pwr.o
HAL_PWR_EnterSLEEPMode                            Drivers\STM32F7xx_HAL_Driver\Src\stm32f7xx_hal_pwr.o
HAL_PWR_EnterSTANDBYMode                          Drivers\STM32F7xx_HAL_Driver\Src\stm32f7xx_hal_pwr.o
HAL_PWR_EnterSTOPMode                             Drivers\STM32F7xx_HAL_Driver\Src\stm32f7xx_hal_pwr.o
HAL_PWR_PVDCallback                               Drivers\STM32F7xx_HAL_Driver\Src\stm32f7xx_hal_pwr.o
HAL_PWR_PVD_IRQHandler                            Drivers\STM32F7xx_HAL_Driver\Src\stm32f7xx_hal_pwr.o
HAL_RCCEx_DisablePLLI2S                           Drivers\STM32F7xx_HAL_Driver\Src\stm32f7xx_hal_rcc_ex.o
HAL_RCCEx_DisablePLLSAI                           Drivers\STM32F7xx_HAL_Driver\Src\stm32f7xx_hal_rcc_ex.o
HAL_RCCEx_EnablePLLI2S                            Drivers\STM32F7xx_HAL_Driver\Src\stm32f7xx_hal_rcc_ex.o
HAL_RCCEx_EnablePLLSAI                            Drivers\STM32F7xx_HAL_Driver\Src\stm32f7xx_hal_rcc_ex.o
HAL_RCCEx_GetPeriphCLKConfig                      Drivers\STM32F7xx_HAL_Driver\Src\stm32f7xx_hal_rcc_ex.o
HAL_RCCEx_GetPeriphCLKFreq                        Drivers\STM32F7xx_HAL_Driver\Src\stm32f7xx_hal_rcc_ex.o
HAL_RCCEx_PeriphCLKConfig                         Drivers\STM32F7xx_HAL_Driver\Src\stm32f7xx_hal_rcc_ex.o
HAL_RCC_CSSCallback                               Drivers\STM32F7xx_HAL_Driver\Src\stm32f7xx_hal_rcc.o
HAL_RCC_ClockConfig                               Drivers\STM32F7xx_HAL_Driver\Src\stm32f7xx_hal_rcc.o
                                                  src\main.o
HAL_RCC_DeInit                                    Drivers\STM32F7xx_HAL_Driver\Src\stm32f7xx_hal_rcc.o
HAL_RCC_DisableCSS                                Drivers\STM32F7xx_HAL_Driver\Src\stm32f7xx_hal_rcc.o
HAL_RCC_EnableCSS                                 Drivers\STM32F7xx_HAL_Driver\Src\stm32f7xx_hal_rcc.o
HAL_RCC_GetClockConfig                            Drivers\STM32F7xx_HAL_Driver\Src\stm32f7xx_hal_rcc.o
HAL_RCC_GetHCLKFreq                               Drivers\STM32F7xx_HAL_Driver\Src\stm32f7xx_hal_rcc.o
HAL_RCC_GetOscConfig                              Drivers\STM32F7xx_HAL_Driver\Src\stm32f7xx_hal_rcc.o
HAL_RCC_GetPCLK1Freq                              Drivers\STM32F7xx_HAL_Driver\Src\stm32f7xx_hal_rcc.o
HAL_RCC_GetPCLK2Freq                              Drivers\STM32F7xx_HAL_Driver\Src\stm32f7xx_hal_rcc.o
HAL_RCC_GetSysClockFreq                           Drivers\STM32F7xx_HAL_Driver\Src\stm32f7xx_hal_rcc.o
HAL_RCC_MCOConfig                                 Drivers\STM32F7xx_HAL_Driver\Src\stm32f7xx_hal_rcc.o
HAL_RCC_NMI_IRQHandler                            Drivers\STM32F7xx_HAL_Driver\Src\stm32f7xx_hal_rcc.o
HAL_RCC_OscConfig                                 Drivers\STM32F7xx_HAL_Driver\Src\stm32f7xx_hal_rcc.o
                                                  src\main.o
HAL_ResumeTick                                    Drivers\STM32F7xx_HAL_Driver\Src\stm32f7xx_hal.o
HAL_SYSTICK_CLKSourceConfig                       Drivers\STM32F7xx_HAL_Driver\Src\stm32f7xx_hal_cortex.o
HAL_SYSTICK_Callback                              Drivers\STM32F7xx_HAL_Driver\Src\stm32f7xx_hal_cortex.o
HAL_SYSTICK_Config                                Drivers\STM32F7xx_HAL_Driver\Src\stm32f7xx_hal_cortex.o
                                                  Drivers\STM32F7xx_HAL_Driver\Src\stm32f7xx_hal.o
HAL_SYSTICK_IRQHandler                            Drivers\STM32F7xx_HAL_Driver\Src\stm32f7xx_hal_cortex.o
HAL_SetTickFreq                                   Drivers\STM32F7xx_HAL_Driver\Src\stm32f7xx_hal.o
HAL_SuspendTick                                   Drivers\STM32F7xx_HAL_Driver\Src\stm32f7xx_hal.o
HAL_TIMEx_Break2Callback                          Drivers\STM32F7xx_HAL_Driver\Src\stm32f7xx_hal_tim_ex.o
                                                  Drivers\STM32F7xx_HAL_Driver\Src\stm32f7xx_hal_tim.o
HAL_TIMEx_BreakCallback                           Drivers\STM32F7xx_HAL_Driver\Src\stm32f7xx_hal_tim_ex.o
                                                  Drivers\STM32F7xx_HAL_Driver\Src\stm32f7xx_hal_tim.o
HAL_TIMEx_CommutCallback                          Drivers\STM32F7xx_HAL_Driver\Src\stm32f7xx_hal_tim_ex.o
                                                  Drivers\STM32F7xx_HAL_Driver\Src\stm32f7xx_hal_tim.o
HAL_TIMEx_CommutHalfCpltCallback                  Drivers\STM32F7xx_HAL_Driver\Src\stm32f7xx_hal_tim_ex.o
HAL_TIMEx_ConfigBreakDeadTime                     Drivers\STM32F7xx_HAL_Driver\Src\stm32f7xx_hal_tim_ex.o
HAL_TIMEx_ConfigBreakInput                        Drivers\STM32F7xx_HAL_Driver\Src\stm32f7xx_hal_tim_ex.o
HAL_TIMEx_ConfigCommutEvent                       Drivers\STM32F7xx_HAL_Driver\Src\stm32f7xx_hal_tim_ex.o
HAL_TIMEx_ConfigCommutEvent_DMA                   Drivers\STM32F7xx_HAL_Driver\Src\stm32f7xx_hal_tim_ex.o
HAL_TIMEx_ConfigCommutEvent_IT                    Drivers\STM32F7xx_HAL_Driver\Src\stm32f7xx_hal_tim_ex.o
HAL_TIMEx_GroupChannel5                           Drivers\STM32F7xx_HAL_Driver\Src\stm32f7xx_hal_tim_ex.o
HAL_TIMEx_HallSensor_DeInit                       Drivers\STM32F7xx_HAL_Driver\Src\stm32f7xx_hal_tim_ex.o
HAL_TIMEx_HallSensor_GetState                     Drivers\STM32F7xx_HAL_Driver\Src\stm32f7xx_hal_tim_ex.o
HAL_TIMEx_HallSensor_Init                         Drivers\STM32F7xx_HAL_Driver\Src\stm32f7xx_hal_tim_ex.o
HAL_TIMEx_HallSensor_MspDeInit                    Drivers\STM32F7xx_HAL_Driver\Src\stm32f7xx_hal_tim_ex.o
HAL_TIMEx_HallSensor_MspInit                      Drivers\STM32F7xx_HAL_Driver\Src\stm32f7xx_hal_tim_ex.o
HAL_TIMEx_HallSensor_Start                        Drivers\STM32F7xx_HAL_Driver\Src\stm32f7xx_hal_tim_ex.o
HAL_TIMEx_HallSensor_Start_DMA                    Drivers\STM32F7xx_HAL_Driver\Src\stm32f7xx_hal_tim_ex.o
HAL_TIMEx_HallSensor_Start_IT                     Drivers\STM32F7xx_HAL_Driver\Src\stm32f7xx_hal_tim_ex.o
HAL_TIMEx_HallSensor_Stop                         Drivers\STM32F7xx_HAL_Driver\Src\stm32f7xx_hal_tim_ex.o
HAL_TIMEx_HallSensor_Stop_DMA                     Drivers\STM32F7xx_HAL_Driver\Src\stm32f7xx_hal_tim_ex.o
HAL_TIMEx_HallSensor_Stop_IT                      Drivers\STM32F7xx_HAL_Driver\Src\stm32f7xx_hal_tim_ex.o
HAL_TIMEx_MasterConfigSynchronization             Drivers\STM32F7xx_HAL_Driver\Src\stm32f7xx_hal_tim_ex.o
HAL_TIMEx_OCN_Start                               Drivers\STM32F7xx_HAL_Driver\Src\stm32f7xx_hal_tim_ex.o
HAL_TIMEx_OCN_Start_DMA                           Drivers\STM32F7xx_HAL_Driver\Src\stm32f7xx_hal_tim_ex.o
HAL_TIMEx_OCN_Start_IT                            Drivers\STM32F7xx_HAL_Driver\Src\stm32f7xx_hal_tim_ex.o
HAL_TIMEx_OCN_Stop                                Drivers\STM32F7xx_HAL_Driver\Src\stm32f7xx_hal_tim_ex.o
HAL_TIMEx_OCN_Stop_DMA                            Drivers\STM32F7xx_HAL_Driver\Src\stm32f7xx_hal_tim_ex.o
HAL_TIMEx_OCN_Stop_IT                             Drivers\STM32F7xx_HAL_Driver\Src\stm32f7xx_hal_tim_ex.o
HAL_TIMEx_OnePulseN_Start                         Drivers\STM32F7xx_HAL_Driver\Src\stm32f7xx_hal_tim_ex.o
HAL_TIMEx_OnePulseN_Start_IT                      Drivers\STM32F7xx_HAL_Driver\Src\stm32f7xx_hal_tim_ex.o
HAL_TIMEx_OnePulseN_Stop                          Drivers\STM32F7xx_HAL_Driver\Src\stm32f7xx_hal_tim_ex.o
HAL_TIMEx_OnePulseN_Stop_IT                       Drivers\STM32F7xx_HAL_Driver\Src\stm32f7xx_hal_tim_ex.o
HAL_TIMEx_PWMN_Start                              Drivers\STM32F7xx_HAL_Driver\Src\stm32f7xx_hal_tim_ex.o
HAL_TIMEx_PWMN_Start_DMA                          Drivers\STM32F7xx_HAL_Driver\Src\stm32f7xx_hal_tim_ex.o
HAL_TIMEx_PWMN_Start_IT                           Drivers\STM32F7xx_HAL_Driver\Src\stm32f7xx_hal_tim_ex.o
HAL_TIMEx_PWMN_Stop                               Drivers\STM32F7xx_HAL_Driver\Src\stm32f7xx_hal_tim_ex.o
HAL_TIMEx_PWMN_Stop_DMA                           Drivers\STM32F7xx_HAL_Driver\Src\stm32f7xx_hal_tim_ex.o
HAL_TIMEx_PWMN_Stop_IT                            Drivers\STM32F7xx_HAL_Driver\Src\stm32f7xx_hal_tim_ex.o
HAL_TIMEx_RemapConfig                             Drivers\STM32F7xx_HAL_Driver\Src\stm32f7xx_hal_tim_ex.o
HAL_TIM_Base_DeInit                               Drivers\STM32F7xx_HAL_Driver\Src\stm32f7xx_hal_tim.o
HAL_TIM_Base_GetState                             Drivers\STM32F7xx_HAL_Driver\Src\stm32f7xx_hal_tim.o
HAL_TIM_Base_Init                                 Drivers\STM32F7xx_HAL_Driver\Src\stm32f7xx_hal_tim.o
                                                  TIMER\timer.o
                                                  PWM\pwm.o
                                                  ENCODER\encoder.o
HAL_TIM_Base_MspDeInit                            Drivers\STM32F7xx_HAL_Driver\Src\stm32f7xx_hal_tim.o
HAL_TIM_Base_MspInit                              Drivers\STM32F7xx_HAL_Driver\Src\stm32f7xx_hal_tim.o
HAL_TIM_Base_Start                                Drivers\STM32F7xx_HAL_Driver\Src\stm32f7xx_hal_tim.o
HAL_TIM_Base_Start_DMA                            Drivers\STM32F7xx_HAL_Driver\Src\stm32f7xx_hal_tim.o
HAL_TIM_Base_Start_IT                             Drivers\STM32F7xx_HAL_Driver\Src\stm32f7xx_hal_tim.o
                                                  TIMER\timer.o
HAL_TIM_Base_Stop                                 Drivers\STM32F7xx_HAL_Driver\Src\stm32f7xx_hal_tim.o
HAL_TIM_Base_Stop_DMA                             Drivers\STM32F7xx_HAL_Driver\Src\stm32f7xx_hal_tim.o
HAL_TIM_Base_Stop_IT                              Drivers\STM32F7xx_HAL_Driver\Src\stm32f7xx_hal_tim.o
HAL_TIM_ConfigClockSource                         Drivers\STM32F7xx_HAL_Driver\Src\stm32f7xx_hal_tim.o
HAL_TIM_ConfigOCrefClear                          Drivers\STM32F7xx_HAL_Driver\Src\stm32f7xx_hal_tim.o
HAL_TIM_ConfigTI1Input                            Drivers\STM32F7xx_HAL_Driver\Src\stm32f7xx_hal_tim.o
HAL_TIM_DMABurst_ReadStart                        Drivers\STM32F7xx_HAL_Driver\Src\stm32f7xx_hal_tim.o
HAL_TIM_DMABurst_ReadStop                         Drivers\STM32F7xx_HAL_Driver\Src\stm32f7xx_hal_tim.o
HAL_TIM_DMABurst_WriteStart                       Drivers\STM32F7xx_HAL_Driver\Src\stm32f7xx_hal_tim.o
HAL_TIM_DMABurst_WriteStop                        Drivers\STM32F7xx_HAL_Driver\Src\stm32f7xx_hal_tim.o
HAL_TIM_Encoder_DeInit                            Drivers\STM32F7xx_HAL_Driver\Src\stm32f7xx_hal_tim.o
HAL_TIM_Encoder_GetState                          Drivers\STM32F7xx_HAL_Driver\Src\stm32f7xx_hal_tim.o
HAL_TIM_Encoder_Init                              Drivers\STM32F7xx_HAL_Driver\Src\stm32f7xx_hal_tim.o
                                                  ENCODER\encoder.o
HAL_TIM_Encoder_MspDeInit                         Drivers\STM32F7xx_HAL_Driver\Src\stm32f7xx_hal_tim.o
HAL_TIM_Encoder_MspInit                           Drivers\STM32F7xx_HAL_Driver\Src\stm32f7xx_hal_tim.o
HAL_TIM_Encoder_Start                             Drivers\STM32F7xx_HAL_Driver\Src\stm32f7xx_hal_tim.o
                                                  ENCODER\encoder.o
HAL_TIM_Encoder_Start_DMA                         Drivers\STM32F7xx_HAL_Driver\Src\stm32f7xx_hal_tim.o
HAL_TIM_Encoder_Start_IT                          Drivers\STM32F7xx_HAL_Driver\Src\stm32f7xx_hal_tim.o
HAL_TIM_Encoder_Stop                              Drivers\STM32F7xx_HAL_Driver\Src\stm32f7xx_hal_tim.o
HAL_TIM_Encoder_Stop_DMA                          Drivers\STM32F7xx_HAL_Driver\Src\stm32f7xx_hal_tim.o
HAL_TIM_Encoder_Stop_IT                           Drivers\STM32F7xx_HAL_Driver\Src\stm32f7xx_hal_tim.o
HAL_TIM_ErrorCallback                             Drivers\STM32F7xx_HAL_Driver\Src\stm32f7xx_hal_tim.o
HAL_TIM_GenerateEvent                             Drivers\STM32F7xx_HAL_Driver\Src\stm32f7xx_hal_tim.o
HAL_TIM_IC_CaptureCallback                        Drivers\STM32F7xx_HAL_Driver\Src\stm32f7xx_hal_tim.o
HAL_TIM_IC_CaptureHalfCpltCallback                Drivers\STM32F7xx_HAL_Driver\Src\stm32f7xx_hal_tim.o
HAL_TIM_IC_ConfigChannel                          Drivers\STM32F7xx_HAL_Driver\Src\stm32f7xx_hal_tim.o
HAL_TIM_IC_DeInit                                 Drivers\STM32F7xx_HAL_Driver\Src\stm32f7xx_hal_tim.o
HAL_TIM_IC_GetState                               Drivers\STM32F7xx_HAL_Driver\Src\stm32f7xx_hal_tim.o
HAL_TIM_IC_Init                                   Drivers\STM32F7xx_HAL_Driver\Src\stm32f7xx_hal_tim.o
HAL_TIM_IC_MspDeInit                              Drivers\STM32F7xx_HAL_Driver\Src\stm32f7xx_hal_tim.o
HAL_TIM_IC_MspInit                                Drivers\STM32F7xx_HAL_Driver\Src\stm32f7xx_hal_tim.o
HAL_TIM_IC_Start                                  Drivers\STM32F7xx_HAL_Driver\Src\stm32f7xx_hal_tim.o
HAL_TIM_IC_Start_DMA                              Drivers\STM32F7xx_HAL_Driver\Src\stm32f7xx_hal_tim.o
HAL_TIM_IC_Start_IT                               Drivers\STM32F7xx_HAL_Driver\Src\stm32f7xx_hal_tim.o
HAL_TIM_IC_Stop                                   Drivers\STM32F7xx_HAL_Driver\Src\stm32f7xx_hal_tim.o
HAL_TIM_IC_Stop_DMA                               Drivers\STM32F7xx_HAL_Driver\Src\stm32f7xx_hal_tim.o
HAL_TIM_IC_Stop_IT                                Drivers\STM32F7xx_HAL_Driver\Src\stm32f7xx_hal_tim.o
HAL_TIM_IRQHandler                                Drivers\STM32F7xx_HAL_Driver\Src\stm32f7xx_hal_tim.o
HAL_TIM_OC_ConfigChannel                          Drivers\STM32F7xx_HAL_Driver\Src\stm32f7xx_hal_tim.o
HAL_TIM_OC_DeInit                                 Drivers\STM32F7xx_HAL_Driver\Src\stm32f7xx_hal_tim.o
HAL_TIM_OC_DelayElapsedCallback                   Drivers\STM32F7xx_HAL_Driver\Src\stm32f7xx_hal_tim.o
HAL_TIM_OC_GetState                               Drivers\STM32F7xx_HAL_Driver\Src\stm32f7xx_hal_tim.o
HAL_TIM_OC_Init                                   Drivers\STM32F7xx_HAL_Driver\Src\stm32f7xx_hal_tim.o
HAL_TIM_OC_MspDeInit                              Drivers\STM32F7xx_HAL_Driver\Src\stm32f7xx_hal_tim.o
HAL_TIM_OC_MspInit                                Drivers\STM32F7xx_HAL_Driver\Src\stm32f7xx_hal_tim.o
HAL_TIM_OC_Start                                  Drivers\STM32F7xx_HAL_Driver\Src\stm32f7xx_hal_tim.o
HAL_TIM_OC_Start_DMA                              Drivers\STM32F7xx_HAL_Driver\Src\stm32f7xx_hal_tim.o
HAL_TIM_OC_Start_IT                               Drivers\STM32F7xx_HAL_Driver\Src\stm32f7xx_hal_tim.o
HAL_TIM_OC_Stop                                   Drivers\STM32F7xx_HAL_Driver\Src\stm32f7xx_hal_tim.o
HAL_TIM_OC_Stop_DMA                               Drivers\STM32F7xx_HAL_Driver\Src\stm32f7xx_hal_tim.o
HAL_TIM_OC_Stop_IT                                Drivers\STM32F7xx_HAL_Driver\Src\stm32f7xx_hal_tim.o
HAL_TIM_OnePulse_ConfigChannel                    Drivers\STM32F7xx_HAL_Driver\Src\stm32f7xx_hal_tim.o
HAL_TIM_OnePulse_DeInit                           Drivers\STM32F7xx_HAL_Driver\Src\stm32f7xx_hal_tim.o
HAL_TIM_OnePulse_GetState                         Drivers\STM32F7xx_HAL_Driver\Src\stm32f7xx_hal_tim.o
HAL_TIM_OnePulse_Init                             Drivers\STM32F7xx_HAL_Driver\Src\stm32f7xx_hal_tim.o
HAL_TIM_OnePulse_MspDeInit                        Drivers\STM32F7xx_HAL_Driver\Src\stm32f7xx_hal_tim.o
HAL_TIM_OnePulse_MspInit                          Drivers\STM32F7xx_HAL_Driver\Src\stm32f7xx_hal_tim.o
HAL_TIM_OnePulse_Start                            Drivers\STM32F7xx_HAL_Driver\Src\stm32f7xx_hal_tim.o
HAL_TIM_OnePulse_Start_IT                         Drivers\STM32F7xx_HAL_Driver\Src\stm32f7xx_hal_tim.o
HAL_TIM_OnePulse_Stop                             Drivers\STM32F7xx_HAL_Driver\Src\stm32f7xx_hal_tim.o
HAL_TIM_OnePulse_Stop_IT                          Drivers\STM32F7xx_HAL_Driver\Src\stm32f7xx_hal_tim.o
HAL_TIM_PWM_ConfigChannel                         Drivers\STM32F7xx_HAL_Driver\Src\stm32f7xx_hal_tim.o
                                                  PWM\pwm.o
HAL_TIM_PWM_DeInit                                Drivers\STM32F7xx_HAL_Driver\Src\stm32f7xx_hal_tim.o
HAL_TIM_PWM_GetState                              Drivers\STM32F7xx_HAL_Driver\Src\stm32f7xx_hal_tim.o
HAL_TIM_PWM_Init                                  Drivers\STM32F7xx_HAL_Driver\Src\stm32f7xx_hal_tim.o
HAL_TIM_PWM_MspDeInit                             Drivers\STM32F7xx_HAL_Driver\Src\stm32f7xx_hal_tim.o
HAL_TIM_PWM_MspInit                               Drivers\STM32F7xx_HAL_Driver\Src\stm32f7xx_hal_tim.o
HAL_TIM_PWM_PulseFinishedCallback                 Drivers\STM32F7xx_HAL_Driver\Src\stm32f7xx_hal_tim.o
HAL_TIM_PWM_PulseFinishedHalfCpltCallback         Drivers\STM32F7xx_HAL_Driver\Src\stm32f7xx_hal_tim.o
HAL_TIM_PWM_Start                                 Drivers\STM32F7xx_HAL_Driver\Src\stm32f7xx_hal_tim.o
                                                  PWM\pwm.o
HAL_TIM_PWM_Start_DMA                             Drivers\STM32F7xx_HAL_Driver\Src\stm32f7xx_hal_tim.o
HAL_TIM_PWM_Start_IT                              Drivers\STM32F7xx_HAL_Driver\Src\stm32f7xx_hal_tim.o
HAL_TIM_PWM_Stop                                  Drivers\STM32F7xx_HAL_Driver\Src\stm32f7xx_hal_tim.o
HAL_TIM_PWM_Stop_DMA                              Drivers\STM32F7xx_HAL_Driver\Src\stm32f7xx_hal_tim.o
HAL_TIM_PWM_Stop_IT                               Drivers\STM32F7xx_HAL_Driver\Src\stm32f7xx_hal_tim.o
HAL_TIM_PeriodElapsedCallback                     Drivers\STM32F7xx_HAL_Driver\Src\stm32f7xx_hal_tim.o
HAL_TIM_PeriodElapsedHalfCpltCallback             Drivers\STM32F7xx_HAL_Driver\Src\stm32f7xx_hal_tim.o
HAL_TIM_ReadCapturedValue                         Drivers\STM32F7xx_HAL_Driver\Src\stm32f7xx_hal_tim.o
HAL_TIM_SlaveConfigSynchro                        Drivers\STM32F7xx_HAL_Driver\Src\stm32f7xx_hal_tim.o
HAL_TIM_SlaveConfigSynchro_IT                     Drivers\STM32F7xx_HAL_Driver\Src\stm32f7xx_hal_tim.o
HAL_TIM_TriggerCallback                           Drivers\STM32F7xx_HAL_Driver\Src\stm32f7xx_hal_tim.o
HAL_TIM_TriggerHalfCpltCallback                   Drivers\STM32F7xx_HAL_Driver\Src\stm32f7xx_hal_tim.o
HardFault_Handler                                 src\stm32f7xx_it.o
                                                  src\startup_stm32f767xx.o
I2C1_ER_IRQHandler                                src\startup_stm32f767xx.o
I2C1_EV_IRQHandler                                src\startup_stm32f767xx.o
I2C2_ER_IRQHandler                                src\startup_stm32f767xx.o
I2C2_EV_IRQHandler                                src\startup_stm32f767xx.o
I2C3_ER_IRQHandler                                src\startup_stm32f767xx.o
I2C3_EV_IRQHandler                                src\startup_stm32f767xx.o
I2C4_ER_IRQHandler                                src\startup_stm32f767xx.o
I2C4_EV_IRQHandler                                src\startup_stm32f767xx.o
JPEG_IRQHandler                                   src\startup_stm32f767xx.o
LED_Init                                          src\main.o
LPTIM1_IRQHandler                                 src\startup_stm32f767xx.o
LTDC_ER_IRQHandler                                src\startup_stm32f767xx.o
LTDC_IRQHandler                                   src\startup_stm32f767xx.o
MDIOS_IRQHandler                                  src\startup_stm32f767xx.o
MemManage_Handler                                 src\stm32f7xx_it.o
                                                  src\startup_stm32f767xx.o
NMI_Handler                                       src\stm32f7xx_it.o
                                                  src\startup_stm32f767xx.o
OTG_FS_IRQHandler                                 src\startup_stm32f767xx.o
OTG_FS_WKUP_IRQHandler                            src\startup_stm32f767xx.o
OTG_HS_EP1_IN_IRQHandler                          src\startup_stm32f767xx.o
OTG_HS_EP1_OUT_IRQHandler                         src\startup_stm32f767xx.o
OTG_HS_IRQHandler                                 src\startup_stm32f767xx.o
OTG_HS_WKUP_IRQHandler                            src\startup_stm32f767xx.o
PID_Compute                                       PID\pid.o
PID_GetDirection                                  PID\pid.o
PID_GetMode                                       PID\pid.o
PID_Init                                          PID\pid.o
PID_InitiaLize                                    PID\pid.o
PID_Kd                                            PID\pid.o
PID_Ki                                            PID\pid.o
PID_Kp                                            PID\pid.o
PID_MOTOR                                         src\main.o
PID_SetControllerDirection                        PID\pid.o
PID_SetMode                                       PID\pid.o
PID_SetOutputLimits                               PID\pid.o
PID_SetSampleTime                                 PID\pid.o
PID_SetTunings                                    PID\pid.o
PVD_IRQHandler                                    src\startup_stm32f767xx.o
PWM1_Init                                         PWM\pwm.o
                                                  src\main.o
PWM_Control                                       PWM\pwm.o
                                                  src\main.o
PendSV_Handler                                    src\stm32f7xx_it.o
                                                  src\startup_stm32f767xx.o
QUADSPI_IRQHandler                                src\startup_stm32f767xx.o
RCC_IRQHandler                                    src\startup_stm32f767xx.o
RNG_IRQHandler                                    src\startup_stm32f767xx.o
RTC_Alarm_IRQHandler                              src\startup_stm32f767xx.o
RTC_WKUP_IRQHandler                               src\startup_stm32f767xx.o
Reset_Handler                                     src\startup_stm32f767xx.o
SAI1_IRQHandler                                   src\startup_stm32f767xx.o
SAI2_IRQHandler                                   src\startup_stm32f767xx.o
SDMMC1_IRQHandler                                 src\startup_stm32f767xx.o
SDMMC2_IRQHandler                                 src\startup_stm32f767xx.o
SPDIF_RX_IRQHandler                               src\startup_stm32f767xx.o
SPI1_IRQHandler                                   src\startup_stm32f767xx.o
SPI2_IRQHandler                                   src\startup_stm32f767xx.o
SPI3_IRQHandler                                   src\startup_stm32f767xx.o
SPI4_IRQHandler                                   src\startup_stm32f767xx.o
SPI5_IRQHandler                                   src\startup_stm32f767xx.o
SPI6_IRQHandler                                   src\startup_stm32f767xx.o
SVC_Handler                                       src\stm32f7xx_it.o
                                                  src\startup_stm32f767xx.o
SysTick_Handler                                   src\stm32f7xx_it.o
                                                  src\startup_stm32f767xx.o
SystemCoreClock                                   src\system_stm32f7xx.o
                                                  Drivers\STM32F7xx_HAL_Driver\Src\stm32f7xx_hal_rcc.o
                                                  Drivers\STM32F7xx_HAL_Driver\Src\stm32f7xx_hal_dma.o
                                                  Drivers\STM32F7xx_HAL_Driver\Src\stm32f7xx_hal_adc_ex.o
                                                  Drivers\STM32F7xx_HAL_Driver\Src\stm32f7xx_hal_adc.o
                                                  Drivers\STM32F7xx_HAL_Driver\Src\stm32f7xx_hal.o
SystemCoreClockUpdate                             src\system_stm32f7xx.o
SystemInit                                        src\system_stm32f7xx.o
                                                  src\startup_stm32f767xx.o
TAMP_STAMP_IRQHandler                             src\startup_stm32f767xx.o
TIM1_BRK_TIM9_IRQHandler                          src\startup_stm32f767xx.o
TIM1_CC_IRQHandler                                src\startup_stm32f767xx.o
TIM1_Handler                                      src\main.o
                                                  PWM\pwm.o
TIM1_TRG_COM_TIM11_IRQHandler                     src\startup_stm32f767xx.o
TIM1_UP_TIM10_IRQHandler                          src\startup_stm32f767xx.o
TIM2_Handler                                      src\main.o
                                                  ENCODER\encoder.o
TIM2_IRQHandler                                   src\startup_stm32f767xx.o
TIM3_IRQHandler                                   src\startup_stm32f767xx.o
TIM4_IRQHandler                                   src\startup_stm32f767xx.o
TIM5_Handler                                      src\main.o
                                                  ENCODER\encoder.o
TIM5_IRQHandler                                   src\startup_stm32f767xx.o
TIM6_DAC_IRQHandler                               src\startup_stm32f767xx.o
TIM7_Handler                                      src\main.o
                                                  TIMER\timer.o
TIM7_IRQHandler                                   src\main.o
TIM8_BRK_TIM12_IRQHandler                         src\startup_stm32f767xx.o
TIM8_CC_IRQHandler                                src\startup_stm32f767xx.o
TIM8_TRG_COM_TIM14_IRQHandler                     src\startup_stm32f767xx.o
TIM8_UP_TIM13_IRQHandler                          src\startup_stm32f767xx.o
TIMER7_Init                                       TIMER\timer.o
                                                  src\main.o
TIMEx_DMACommutationCplt                          Drivers\STM32F7xx_HAL_Driver\Src\stm32f7xx_hal_tim_ex.o
                                                  Drivers\STM32F7xx_HAL_Driver\Src\stm32f7xx_hal_tim.o
TIMEx_DMACommutationHalfCplt                      Drivers\STM32F7xx_HAL_Driver\Src\stm32f7xx_hal_tim_ex.o
                                                  Drivers\STM32F7xx_HAL_Driver\Src\stm32f7xx_hal_tim.o
TIM_Base_SetConfig                                Drivers\STM32F7xx_HAL_Driver\Src\stm32f7xx_hal_tim.o
                                                  Drivers\STM32F7xx_HAL_Driver\Src\stm32f7xx_hal_tim_ex.o
TIM_CCxChannelCmd                                 Drivers\STM32F7xx_HAL_Driver\Src\stm32f7xx_hal_tim.o
                                                  Drivers\STM32F7xx_HAL_Driver\Src\stm32f7xx_hal_tim_ex.o
TIM_DMACaptureCplt                                Drivers\STM32F7xx_HAL_Driver\Src\stm32f7xx_hal_tim.o
                                                  Drivers\STM32F7xx_HAL_Driver\Src\stm32f7xx_hal_tim_ex.o
TIM_DMACaptureHalfCplt                            Drivers\STM32F7xx_HAL_Driver\Src\stm32f7xx_hal_tim.o
                                                  Drivers\STM32F7xx_HAL_Driver\Src\stm32f7xx_hal_tim_ex.o
TIM_DMADelayPulseCplt                             Drivers\STM32F7xx_HAL_Driver\Src\stm32f7xx_hal_tim.o
                                                  Drivers\STM32F7xx_HAL_Driver\Src\stm32f7xx_hal_tim_ex.o
TIM_DMADelayPulseHalfCplt                         Drivers\STM32F7xx_HAL_Driver\Src\stm32f7xx_hal_tim.o
                                                  Drivers\STM32F7xx_HAL_Driver\Src\stm32f7xx_hal_tim_ex.o
TIM_DMAError                                      Drivers\STM32F7xx_HAL_Driver\Src\stm32f7xx_hal_tim.o
                                                  Drivers\STM32F7xx_HAL_Driver\Src\stm32f7xx_hal_tim_ex.o
TIM_ETR_SetConfig                                 Drivers\STM32F7xx_HAL_Driver\Src\stm32f7xx_hal_tim.o
TIM_OC2_SetConfig                                 Drivers\STM32F7xx_HAL_Driver\Src\stm32f7xx_hal_tim.o
                                                  Drivers\STM32F7xx_HAL_Driver\Src\stm32f7xx_hal_tim_ex.o
TIM_TI1_SetConfig                                 Drivers\STM32F7xx_HAL_Driver\Src\stm32f7xx_hal_tim.o
                                                  Drivers\STM32F7xx_HAL_Driver\Src\stm32f7xx_hal_tim_ex.o
UART4_IRQHandler                                  src\startup_stm32f767xx.o
UART5_IRQHandler                                  src\startup_stm32f767xx.o
UART7_IRQHandler                                  src\startup_stm32f767xx.o
UART8_IRQHandler                                  src\startup_stm32f767xx.o
USART1_IRQHandler                                 src\startup_stm32f767xx.o